[    0.000000] Linux version 4.15.0-72-generic (buildd@lcy01-amd64-026) (gcc version 7.4.0 (Ubuntu 7.4.0-1ubuntu1~18.04.1)) #81-Ubuntu SMP Tue Nov 26 12:20:02 UTC 2019 (Ubuntu 4.15.0-72.81-generic 4.15.18)
[    0.000000] Command line: BOOT_IMAGE=/boot/vmlinuz-4.15.0-72-generic root=LABEL=cloudimg-rootfs ro console=tty1 console=ttyS0
[    0.000000] KERNEL supported cpus:
[    0.000000]   Intel GenuineIntel
[    0.000000]   AMD AuthenticAMD
[    0.000000]   Centaur CentaurHauls
[    0.000000] x86/fpu: Supporting XSAVE feature 0x001: 'x87 floating point registers'
[    0.000000] x86/fpu: Supporting XSAVE feature 0x002: 'SSE registers'
[    0.000000] x86/fpu: Supporting XSAVE feature 0x004: 'AVX registers'
[    0.000000] x86/fpu: xstate_offset[2]:  576, xstate_sizes[2]:  256
[    0.000000] x86/fpu: Enabled xstate features 0x7, context size is 832 bytes, using 'standard' format.
[    0.000000] e820: BIOS-provided physical RAM map:
[    0.000000] BIOS-e820: [mem 0x0000000000000000-0x000000000009fbff] usable
[    0.000000] BIOS-e820: [mem 0x000000000009fc00-0x000000000009ffff] reserved
[    0.000000] BIOS-e820: [mem 0x00000000000f0000-0x00000000000fffff] reserved
[    0.000000] BIOS-e820: [mem 0x0000000000100000-0x000000007ffeffff] usable
[    0.000000] BIOS-e820: [mem 0x000000007fff0000-0x000000007fffffff] ACPI data
[    0.000000] BIOS-e820: [mem 0x00000000fec00000-0x00000000fec00fff] reserved
[    0.000000] BIOS-e820: [mem 0x00000000fee00000-0x00000000fee00fff] reserved
[    0.000000] BIOS-e820: [mem 0x00000000fffc0000-0x00000000ffffffff] reserved
[    0.000000] NX (Execute Disable) protection: active
[    0.000000] SMBIOS 2.5 present.
[    0.000000] DMI: innotek GmbH VirtualBox/VirtualBox, BIOS VirtualBox 12/01/2006
[    0.000000] Hypervisor detected: KVM
[    0.000000] e820: last_pfn = 0x7fff0 max_arch_pfn = 0x400000000
[    0.000000] MTRR: Disabled
[    0.000000] x86/PAT: MTRRs disabled, skipping PAT initialization too.
[    0.000000] CPU MTRRs all blank - virtualized system.
[    0.000000] x86/PAT: Configuration [0-7]: WB  WT  UC- UC  WB  WT  UC- UC  
[    0.000000] found SMP MP-table at [mem 0x0009fff0-0x0009ffff]
[    0.000000] Scanning 1 areas for low memory corruption
[    0.000000] RAMDISK: [mem 0x35a6d000-0x36d2dfff]
[    0.000000] ACPI: Early table checksum verification disabled
[    0.000000] ACPI: RSDP 0x00000000000E0000 000024 (v02 VBOX  )
[    0.000000] ACPI: XSDT 0x000000007FFF0030 00003C (v01 VBOX   VBOXXSDT 00000001 ASL  00000061)
[    0.000000] ACPI: FACP 0x000000007FFF00F0 0000F4 (v04 VBOX   VBOXFACP 00000001 ASL  00000061)
[    0.000000] ACPI: DSDT 0x000000007FFF0470 0022EA (v02 VBOX   VBOXBIOS 00000002 INTL 20181213)
[    0.000000] ACPI: FACS 0x000000007FFF0200 000040
[    0.000000] ACPI: FACS 0x000000007FFF0200 000040
[    0.000000] ACPI: APIC 0x000000007FFF0240 00005C (v02 VBOX   VBOXAPIC 00000001 ASL  00000061)
[    0.000000] ACPI: SSDT 0x000000007FFF02A0 0001CC (v01 VBOX   VBOXCPUT 00000002 INTL 20181213)
[    0.000000] No NUMA configuration found
[    0.000000] Faking a node at [mem 0x0000000000000000-0x000000007ffeffff]
[    0.000000] NODE_DATA(0) allocated [mem 0x7ffc5000-0x7ffeffff]
[    0.000000] kvm-clock: cpu 0, msr 0:7ff44001, primary cpu clock
[    0.000000] kvm-clock: Using msrs 4b564d01 and 4b564d00
[    0.000000] kvm-clock: using sched offset of 3526404489 cycles
[    0.000000] clocksource: kvm-clock: mask: 0xffffffffffffffff max_cycles: 0x1cd42e4dffb, max_idle_ns: 881590591483 ns
[    0.000000] Zone ranges:
[    0.000000]   DMA      [mem 0x0000000000001000-0x0000000000ffffff]
[    0.000000]   DMA32    [mem 0x0000000001000000-0x000000007ffeffff]
[    0.000000]   Normal   empty
[    0.000000]   Device   empty
[    0.000000] Movable zone start for each node
[    0.000000] Early memory node ranges
[    0.000000]   node   0: [mem 0x0000000000001000-0x000000000009efff]
[    0.000000]   node   0: [mem 0x0000000000100000-0x000000007ffeffff]
[    0.000000] Reserved but unavailable: 98 pages
[    0.000000] Initmem setup node 0 [mem 0x0000000000001000-0x000000007ffeffff]
[    0.000000] ACPI: PM-Timer IO Port: 0x4008
[    0.000000] IOAPIC[0]: apic_id 2, version 32, address 0xfec00000, GSI 0-23
[    0.000000] ACPI: INT_SRC_OVR (bus 0 bus_irq 0 global_irq 2 dfl dfl)
[    0.000000] ACPI: INT_SRC_OVR (bus 0 bus_irq 9 global_irq 9 low level)
[    0.000000] Using ACPI (MADT) for SMP configuration information
[    0.000000] smpboot: Allowing 2 CPUs, 0 hotplug CPUs
[    0.000000] PM: Registered nosave memory: [mem 0x00000000-0x00000fff]
[    0.000000] PM: Registered nosave memory: [mem 0x0009f000-0x0009ffff]
[    0.000000] PM: Registered nosave memory: [mem 0x000a0000-0x000effff]
[    0.000000] PM: Registered nosave memory: [mem 0x000f0000-0x000fffff]
[    0.000000] e820: [mem 0x80000000-0xfebfffff] available for PCI devices
[    0.000000] Booting paravirtualized kernel on KVM
[    0.000000] clocksource: refined-jiffies: mask: 0xffffffff max_cycles: 0xffffffff, max_idle_ns: 7645519600211568 ns
[    0.000000] random: get_random_bytes called from start_kernel+0x99/0x4fd with crng_init=0
[    0.000000] setup_percpu: NR_CPUS:8192 nr_cpumask_bits:2 nr_cpu_ids:2 nr_node_ids:1
[    0.000000] percpu: Embedded 45 pages/cpu s147456 r8192 d28672 u1048576
[    0.000000] PV qspinlock hash table entries: 256 (order: 0, 4096 bytes)
[    0.000000] Built 1 zonelists, mobility grouping on.  Total pages: 515961
[    0.000000] Policy zone: DMA32
[    0.000000] Kernel command line: BOOT_IMAGE=/boot/vmlinuz-4.15.0-72-generic root=LABEL=cloudimg-rootfs ro console=tty1 console=ttyS0
[    0.000000] Memory: 2015584K/2096696K available (12300K kernel code, 2481K rwdata, 4264K rodata, 2428K init, 2388K bss, 81112K reserved, 0K cma-reserved)
[    0.000000] SLUB: HWalign=64, Order=0-3, MinObjects=0, CPUs=2, Nodes=1
[    0.000000] Kernel/User page tables isolation: enabled
[    0.000000] ftrace: allocating 39318 entries in 154 pages
[    0.004000] Hierarchical RCU implementation.
[    0.004000] 	RCU restricting CPUs from NR_CPUS=8192 to nr_cpu_ids=2.
[    0.004000] 	Tasks RCU enabled.
[    0.004000] RCU: Adjusting geometry for rcu_fanout_leaf=16, nr_cpu_ids=2
[    0.004000] NR_IRQS: 524544, nr_irqs: 440, preallocated irqs: 16
[    0.004000] Console: colour VGA+ 80x25
[    0.004000] console [tty1] enabled
[    0.004000] console [ttyS0] enabled
[    0.004000] ACPI: Core revision 20170831
[    0.004000] ACPI: 2 ACPI AML tables successfully acquired and loaded
[    0.004000] APIC: Switch to symmetric I/O mode setup
[    0.004000] x2apic enabled
[    0.004000] Switched APIC routing to physical x2apic.
[    0.004000] ..TIMER: vector=0x30 apic1=0 pin1=2 apic2=-1 pin2=-1
[    0.004007] tsc: Detected 2294.808 MHz processor
[    0.004908] Calibrating delay loop (skipped) preset value.. 4589.61 BogoMIPS (lpj=9179232)
[    0.008005] pid_max: default: 32768 minimum: 301
[    0.008947] Security Framework initialized
[    0.009776] Yama: becoming mindful.
[    0.010530] AppArmor: AppArmor initialized
[    0.012844] Dentry cache hash table entries: 262144 (order: 9, 2097152 bytes)
[    0.014867] Inode-cache hash table entries: 131072 (order: 8, 1048576 bytes)
[    0.016027] Mount-cache hash table entries: 4096 (order: 3, 32768 bytes)
[    0.017319] Mountpoint-cache hash table entries: 4096 (order: 3, 32768 bytes)
[    0.018994] Last level iTLB entries: 4KB 512, 2MB 8, 4MB 8
[    0.020005] Last level dTLB entries: 4KB 512, 2MB 32, 4MB 32, 1GB 0
[    0.021215] Spectre V1 : Mitigation: usercopy/swapgs barriers and __user pointer sanitization
[    0.023064] Spectre V2 : Mitigation: Full generic retpoline
[    0.024006] Spectre V2 : Spectre v2 / SpectreRSB mitigation: Filling RSB on context switch
[    0.026118] Speculative Store Bypass: Vulnerable
[    0.028068] MDS: Vulnerable: Clear CPU buffers attempted, no microcode
[    0.029888] Freeing SMP alternatives memory: 36K
[    0.142239] smpboot: CPU0: Intel(R) Core(TM) i5-3427U CPU @ 1.80GHz (family: 0x6, model: 0x3a, stepping: 0x9)
[    0.144000] Performance Events: unsupported p6 CPU model 58 no PMU driver, software events only.
[    0.144067] Hierarchical SRCU implementation.
[    0.145660] NMI watchdog: Perf event create on CPU 0 failed with -2
[    0.146865] NMI watchdog: Perf NMI watchdog permanently disabled
[    0.148072] smp: Bringing up secondary CPUs ...
[    0.149154] x86: Booting SMP configuration:
[    0.150000] .... node  #0, CPUs:      #1
[    0.004000] kvm-clock: cpu 1, msr 0:7ff44041, secondary cpu clock
[    0.155170] smp: Brought up 1 node, 2 CPUs
[    0.156008] smpboot: Max logical packages: 1
[    0.156906] smpboot: Total of 2 processors activated (9179.23 BogoMIPS)
[    0.158382] devtmpfs: initialized
[    0.158382] x86/mm: Memory block size: 128MB
[    0.160265] evm: security.selinux
[    0.161000] evm: security.SMACK64
[    0.161702] evm: security.SMACK64EXEC
[    0.162444] evm: security.SMACK64TRANSMUTE
[    0.163302] evm: security.SMACK64MMAP
[    0.164005] evm: security.apparmor
[    0.164745] evm: security.ima
[    0.165368] evm: security.capability
[    0.166157] clocksource: jiffies: mask: 0xffffffff max_cycles: 0xffffffff, max_idle_ns: 7645041785100000 ns
[    0.168049] futex hash table entries: 512 (order: 3, 32768 bytes)
[    0.172137] pinctrl core: initialized pinctrl subsystem
[    0.173886] RTC time: 22:09:50, date: 01/09/20
[    0.175494] NET: Registered protocol family 16
[    0.176222] audit: initializing netlink subsys (disabled)
[    0.177818] audit: type=2000 audit(1578607795.740:1): state=initialized audit_enabled=0 res=1
[    0.188018] cpuidle: using governor ladder
[    0.192021] cpuidle: using governor menu
[    0.193186] ACPI: bus type PCI registered
[    0.196007] acpiphp: ACPI Hot Plug PCI Controller Driver version: 0.5
[    0.197444] PCI: Using configuration type 1 for base access
[    0.200635] HugeTLB registered 2.00 MiB page size, pre-allocated 0 pages
[    0.201422] ACPI: Added _OSI(Module Device)
[    0.204006] ACPI: Added _OSI(Processor Device)
[    0.204930] ACPI: Added _OSI(3.0 _SCP Extensions)
[    0.205860] ACPI: Added _OSI(Processor Aggregator Device)
[    0.206916] ACPI: Added _OSI(Linux-Dell-Video)
[    0.208008] ACPI: Added _OSI(Linux-Lenovo-NV-HDMI-Audio)
[    0.209079] ACPI: Added _OSI(Linux-HPI-Hybrid-Graphics)
[    0.210443] ACPI: Executed 1 blocks of module-level executable AML code
[    0.216242] ACPI: Interpreter enabled
[    0.217077] ACPI: (supports S0 S5)
[    0.217785] ACPI: Using IOAPIC for interrupt routing
[    0.219092] PCI: Using host bridge windows from ACPI; if necessary, use "pci=nocrs" and report a bug
[    0.220310] ACPI: Enabled 2 GPEs in block 00 to 07
[    0.229902] ACPI: PCI Root Bridge [PCI0] (domain 0000 [bus 00-ff])
[    0.231188] acpi PNP0A03:00: _OSC: OS supports [ASPM ClockPM Segments MSI]
[    0.232705] acpi PNP0A03:00: _OSC: not requesting OS control; OS requires [ExtendedConfig ASPM ClockPM MSI]
[    0.234577] acpi PNP0A03:00: fail to add MMCONFIG information, can't access extended PCI configuration space under this bridge.
[    0.236450] PCI host bridge to bus 0000:00
[    0.237286] pci_bus 0000:00: root bus resource [io  0x0000-0x0cf7 window]
[    0.238620] pci_bus 0000:00: root bus resource [io  0x0d00-0xffff window]
[    0.240006] pci_bus 0000:00: root bus resource [mem 0x000a0000-0x000bffff window]
[    0.241485] pci_bus 0000:00: root bus resource [mem 0x80000000-0xfdffffff window]
[    0.244006] pci_bus 0000:00: root bus resource [bus 00-ff]
[    0.247391] pci 0000:00:01.1: legacy IDE quirk: reg 0x10: [io  0x01f0-0x01f7]
[    0.248005] pci 0000:00:01.1: legacy IDE quirk: reg 0x14: [io  0x03f6]
[    0.249256] pci 0000:00:01.1: legacy IDE quirk: reg 0x18: [io  0x0170-0x0177]
[    0.250645] pci 0000:00:01.1: legacy IDE quirk: reg 0x1c: [io  0x0376]
[    0.293385] pci 0000:00:07.0: quirk: [io  0x4000-0x403f] claimed by PIIX4 ACPI
[    0.295624] pci 0000:00:07.0: quirk: [io  0x4100-0x410f] claimed by PIIX4 SMB
[    0.321638] ACPI: PCI Interrupt Link [LNKA] (IRQs 5 9 10 *11)
[    0.325042] ACPI: PCI Interrupt Link [LNKB] (IRQs 5 9 *10 11)
[    0.328077] ACPI: PCI Interrupt Link [LNKC] (IRQs 5 *9 10 11)
[    0.330012] ACPI: PCI Interrupt Link [LNKD] (IRQs 5 9 10 *11)
[    0.332425] SCSI subsystem initialized
[    0.333640] pci 0000:00:02.0: vgaarb: setting as boot VGA device
[    0.333750] pci 0000:00:02.0: vgaarb: VGA device added: decodes=io+mem,owns=io+mem,locks=none
[    0.336025] pci 0000:00:02.0: vgaarb: bridge control possible
[    0.337614] vgaarb: loaded
[    0.340072] ACPI: bus type USB registered
[    0.341269] usbcore: registered new interface driver usbfs
[    0.342822] usbcore: registered new interface driver hub
[    0.344049] usbcore: registered new device driver usb
[    0.345593] EDAC MC: Ver: 3.0.0
[    0.348064] PCI: Using ACPI for IRQ routing
[    0.349798] NetLabel: Initializing
[    0.350818] NetLabel:  domain hash size = 128
[    0.352004] NetLabel:  protocols = UNLABELED CIPSOv4 CALIPSO
[    0.353615] NetLabel:  unlabeled traffic allowed by default
[    0.355201] clocksource: Switched to clocksource kvm-clock
[    0.371828] VFS: Disk quotas dquot_6.6.0
[    0.373125] VFS: Dquot-cache hash table entries: 512 (order 0, 4096 bytes)
[    0.375183] AppArmor: AppArmor Filesystem Enabled
[    0.376633] pnp: PnP ACPI init
[    0.379607] pnp: PnP ACPI: found 3 devices
[    0.395618] clocksource: acpi_pm: mask: 0xffffff max_cycles: 0xffffff, max_idle_ns: 2085701024 ns
[    0.398271] NET: Registered protocol family 2
[    0.399777] TCP established hash table entries: 16384 (order: 5, 131072 bytes)
[    0.401963] TCP bind hash table entries: 16384 (order: 6, 262144 bytes)
[    0.403808] TCP: Hash tables configured (established 16384 bind 16384)
[    0.406464] UDP hash table entries: 1024 (order: 3, 32768 bytes)
[    0.408114] UDP-Lite hash table entries: 1024 (order: 3, 32768 bytes)
[    0.410004] NET: Registered protocol family 1
[    0.411269] pci 0000:00:00.0: Limiting direct PCI/PCI transfers
[    0.412978] pci 0000:00:01.0: Activating ISA DMA hang workarounds
[    0.414717] pci 0000:00:02.0: Video device with shadowed ROM at [mem 0x000c0000-0x000dffff]
[    0.417258] Unpacking initramfs...
[    0.711555] Freeing initrd memory: 19204K
[    0.713029] clocksource: tsc: mask: 0xffffffffffffffff max_cycles: 0x21140cba57f, max_idle_ns: 440795318085 ns
[    0.715812] platform rtc_cmos: registered platform RTC device (no PNP device found)
[    0.718660] Scanning for low memory corruption every 60 seconds
[    0.721386] Initialise system trusted keyrings
[    0.722673] Key type blacklist registered
[    0.723947] workingset: timestamp_bits=36 max_order=19 bucket_order=0
[    0.727861] zbud: loaded
[    0.729614] squashfs: version 4.0 (2009/01/31) Phillip Lougher
[    0.731565] fuse init (API version 7.26)
[    0.735759] Key type asymmetric registered
[    0.737037] Asymmetric key parser 'x509' registered
[    0.738470] Block layer SCSI generic (bsg) driver version 0.4 loaded (major 246)
[    0.740678] io scheduler noop registered
[    0.741826] io scheduler deadline registered
[    0.743103] io scheduler cfq registered (default)
[    0.744973] ACPI: AC Adapter [AC] (off-line)
[    0.746304] input: Power Button as /devices/LNXSYSTM:00/LNXPWRBN:00/input/input0
[    0.748660] ACPI: Power Button [PWRF]
[    0.749862] input: Sleep Button as /devices/LNXSYSTM:00/LNXSLPBN:00/input/input1
[    0.751957] ACPI: Sleep Button [SLPF]
[    0.754639] ACPI: Battery Slot [BAT0] (battery present)
[    0.756130] Serial: 8250/16550 driver, 32 ports, IRQ sharing enabled
[    0.779105] 00:02: ttyS0 at I/O 0x3f8 (irq = 4, base_baud = 115200) is a 16550A
[    0.786670] Linux agpgart interface v0.103
[    0.792262] loop: module loaded
[    0.795705] scsi host0: ata_piix
[    0.797584] scsi host1: ata_piix
[    0.799876] ata1: PATA max UDMA/33 cmd 0x1f0 ctl 0x3f6 bmdma 0xd000 irq 14
[    0.802528] ata2: PATA max UDMA/33 cmd 0x170 ctl 0x376 bmdma 0xd008 irq 15
[    0.808606] libphy: Fixed MDIO Bus: probed
[    0.810122] tun: Universal TUN/TAP device driver, 1.6
[    0.815546] PPP generic driver version 2.4.2
[    0.817930] ehci_hcd: USB 2.0 'Enhanced' Host Controller (EHCI) Driver
[    0.819878] ehci-pci: EHCI PCI platform driver
[    0.821605] ehci-platform: EHCI generic platform driver
[    0.823105] ohci_hcd: USB 1.1 'Open' Host Controller (OHCI) Driver
[    0.824959] ohci-pci: OHCI PCI platform driver
[    0.827666] ohci-platform: OHCI generic platform driver
[    0.829275] uhci_hcd: USB Universal Host Controller Interface driver
[    0.831155] i8042: PNP: PS/2 Controller [PNP0303:PS2K,PNP0f03:PS2M] at 0x60,0x64 irq 1,12
[    0.834523] serio: i8042 KBD port at 0x60,0x64 irq 1
[    0.836391] serio: i8042 AUX port at 0x60,0x64 irq 12
[    0.838359] mousedev: PS/2 mouse device common for all mice
[    0.841152] input: AT Translated Set 2 keyboard as /devices/platform/i8042/serio0/input/input2
[    0.844392] rtc_cmos rtc_cmos: rtc core: registered rtc_cmos as rtc0
[    0.846622] rtc_cmos rtc_cmos: alarms up to one day, 114 bytes nvram
[    0.848813] i2c /dev entries driver
[    0.850083] device-mapper: uevent: version 1.0.3
[    0.852098] device-mapper: ioctl: 4.37.0-ioctl (2017-09-20) initialised: dm-devel@redhat.com
[    0.854914] ledtrig-cpu: registered to indicate activity on CPUs
[    0.857286] NET: Registered protocol family 10
[    0.866468] Segment Routing with IPv6
[    0.868377] NET: Registered protocol family 17
[    0.871295] Key type dns_resolver registered
[    0.873375] mce: Using 0 MCE banks
[    0.874341] RAS: Correctable Errors collector initialized.
[    0.875764] sched_clock: Marking stable (873320803, 0)->(1086255289, -212934486)
[    0.879255] registered taskstats version 1
[    0.881006] Loading compiled-in X.509 certificates
[    0.888967] Loaded X.509 cert 'Build time autogenerated kernel key: f4f7241365689b0cbe3898188e65e316fd8f978d'
[    0.893219] zswap: loaded using pool lzo/zbud
[    0.902869] Key type big_key registered
[    0.904691] Key type trusted registered
[    0.910125] Key type encrypted registered
[    0.912406] AppArmor: AppArmor sha1 policy hashing enabled
[    0.914548] ima: No TPM chip found, activating TPM-bypass! (rc=-19)
[    0.918310] ima: Allocated hash algorithm: sha1
[    0.920084] evm: HMAC attrs: 0x1
[    0.921955]   Magic number: 4:595:198
[    0.923904] rtc_cmos rtc_cmos: setting system clock to 2020-01-09 22:09:51 UTC (1578607791)
[    0.927666] BIOS EDD facility v0.16 2004-Jun-25, 0 devices found
[    0.930496] EDD information not available.
[    0.976372] Freeing unused kernel image memory: 2428K
[    0.988314] Write protecting the kernel read-only data: 20480k
[    0.993153] Freeing unused kernel image memory: 2008K
[    0.996415] Freeing unused kernel image memory: 1880K
[    1.010323] x86/mm: Checked W+X mappings: passed, no W+X pages found.
[    1.012232] x86/mm: Checking user space page tables
[    1.022861] x86/mm: Checked W+X mappings: passed, no W+X pages found.
Loading, please wait...
starting version 237
[    1.131164] e1000: Intel(R) PRO/1000 Network Driver - version 7.3.21-k8-NAPI
[    1.133312] e1000: Copyright (c) 1999-2006 Intel Corporation.
[    1.152278] Fusion MPT base driver 3.04.20
[    1.153649] Copyright (c) 1999-2008 LSI Corporation
[    1.172586] AVX version of gcm_enc/dec engaged.
[    1.174038] AES CTR mode by8 optimization enabled
[    1.185497] Fusion MPT SPI Host driver 3.04.20
[    1.349857] input: ImExPS/2 Generic Explorer Mouse as /devices/platform/i8042/serio1/input/input4
[    1.560092] e1000 0000:00:03.0 eth0: (PCI:33MHz:32-bit) 02:b7:1f:33:e9:24
[    1.562086] e1000 0000:00:03.0 eth0: Intel(R) PRO/1000 Network Connection
[    1.565595] mptbase: ioc0: Initiating bringup
[    1.661291] ioc0: LSI53C1030 A0: Capabilities={Initiator}
[    1.926408] scsi host2: ioc0: LSI53C1030 A0, FwRev=00000000h, Ports=1, MaxQ=256, IRQ=20
[    2.098695] scsi 2:0:0:0: Direct-Access     VBOX     HARDDISK         1.0  PQ: 0 ANSI: 5
[    2.154948] scsi target2:0:0: Beginning Domain Validation
[    2.165921] scsi target2:0:0: Domain Validation skipping write tests
[    2.167888] scsi target2:0:0: Ending Domain Validation
[    2.169741] scsi target2:0:0: asynchronous
[    2.171843] scsi 2:0:1:0: Direct-Access     VBOX     HARDDISK         1.0  PQ: 0 ANSI: 5
[    2.483812] scsi target2:0:1: Beginning Domain Validation
[    2.486111] random: fast init done
[    2.487086] scsi target2:0:1: Domain Validation skipping write tests
[    2.488299] scsi target2:0:1: Ending Domain Validation
[    2.489429] scsi target2:0:1: asynchronous
[    2.494593] random: systemd-udevd: uninitialized urandom read (16 bytes read)
[    2.496035] random: systemd-udevd: uninitialized urandom read (16 bytes read)
[    2.497484] random: systemd-udevd: uninitialized urandom read (16 bytes read)
[    2.499174] sd 2:0:0:0: Attached scsi generic sg0 type 0
[    2.500966] sd 2:0:0:0: [sda] 20971520 512-byte logical blocks: (10.7 GB/10.0 GiB)
[    2.501396] sd 2:0:1:0: Attached scsi generic sg1 type 0
[    2.509182] sd 2:0:0:0: [sda] Write Protect is off
[    2.510864] sd 2:0:0:0: [sda] Incomplete mode parameter data
[    2.512459] sd 2:0:0:0: [sda] Assuming drive cache: write through
[    2.514316] sd 2:0:1:0: [sdb] 20480 512-byte logical blocks: (10.5 MB/10.0 MiB)
[    2.519766] sd 2:0:1:0: [sdb] Write Protect is off
[    2.521439] sd 2:0:1:0: [sdb] Incomplete mode parameter data
[    2.523085] sd 2:0:1:0: [sdb] Assuming drive cache: write through
[    2.528860] e1000 0000:00:08.0 eth1: (PCI:33MHz:32-bit) 08:00:27:fc:98:aa
[    2.531959] e1000 0000:00:08.0 eth1: Intel(R) PRO/1000 Network Connection
[    2.535007]  sda: sda1
[    2.537059] e1000 0000:00:03.0 enp0s3: renamed from eth0
[    2.540726] sd 2:0:0:0: [sda] Attached SCSI disk
[    2.540850] sd 2:0:1:0: [sdb] Attached SCSI disk
[    2.559585] e1000 0000:00:08.0 enp0s8: renamed from eth1
Begin: Loading essential drivers ... [    4.100015] raid6: sse2x1   gen()  6820 MB/s
[    4.148630] raid6: sse2x1   xor()  5724 MB/s
[    4.197178] raid6: sse2x2   gen()  8119 MB/s
[    4.244161] raid6: sse2x2   xor()  4109 MB/s
[    4.298703] raid6: sse2x4   gen()  9884 MB/s
[    4.344603] raid6: sse2x4   xor()  7456 MB/s
[    4.345917] raid6: using algorithm sse2x4 gen() 9884 MB/s
[    4.347436] raid6: .... xor() 7456 MB/s, rmw enabled
[    4.349036] raid6: using ssse3x2 recovery algorithm
[    4.353019] xor: automatically using best checksumming function   avx       
[    4.356919] async_tx: api initialized (async)
done.
Begin: Running /scripts/init-premount ... done.
Begin: Mounting root file system ... Begin: Running /scripts/local-top ... done.
Begin: Running /scripts/local-premount ... [    4.425863] Btrfs loaded, crc32c=crc32c-intel
Scanning for Btrfs filesystems
done.
Warning: fsck not present, so skipping root file system
[    4.473201] EXT4-fs (sda1): mounted filesystem with ordered data mode. Opts: (null)
done.
Begin: Running /scripts/local-bottom ... done.
Begin: Running /scripts/init-bottom ... done.
[    4.775051] ip_tables: (C) 2000-2006 Netfilter Core Team
[    4.788128] systemd[1]: systemd 237 running in system mode. (+PAM +AUDIT +SELINUX +IMA +APPARMOR +SMACK +SYSVINIT +UTMP +LIBCRYPTSETUP +GCRYPT +GNUTLS +ACL +XZ +LZ4 +SECCOMP +BLKID +ELFUTILS +KMOD -IDN2 +IDN -PCRE2 default-hierarchy=hybrid)
[    4.795532] systemd[1]: Detected virtualization oracle.
[    4.797119] systemd[1]: Detected architecture x86-64.

Welcome to [1mUbuntu 18.04.3 LTS[0m!

[    4.806253] systemd[1]: Set hostname to <ubuntu>.
[    4.813572] systemd[1]: Initializing machine ID from random generator.
[    4.815350] systemd[1]: Installed transient /etc/machine-id file.
[    5.191650] systemd[1]: Started Forward Password Requests to Wall Directory Watch.
[[0;32m  OK  [0m] Started Forward Password Requests to Wall Directory Watch.
[    5.195929] systemd[1]: Reached target System Time Synchronized.
[[0;32m  OK  [0m] Reached target System Time Synchronized.
[    5.201679] systemd[1]: Created slice User and Session Slice.
[[0;32m  OK  [0m] Created slice User and Session Slice.
[    5.204829] systemd[1]: Reached target Swap.
[[0;32m  OK  [0m] Reached target Swap.
[[0;32m  OK  [0m] Set up automount Arbitrary Executabâ€¦rmats File System Automount Point.
[[0;32m  OK  [0m] Created slice System Slice.
[[0;32m  OK  [0m] Listening on Device-mapper event daemon FIFOs.
[[0;32m  OK  [0m] Created slice system-serial\x2dgetty.slice.
[[0;32m  OK  [0m] Listening on Journal Socket.
[[0;32m  OK  [0m] Listening on udev Kernel Socket.
[[0;32m  OK  [0m] Listening on udev Control Socket.
         Mounting Kernel Debug File System...
         Starting udev Coldplug all Devices...
         Starting Create list of required stâ€¦ce nodes for the current kernel...
         Mounting Huge Pages File System...
[[0;32m  OK  [0m] Listening on LVM2 metadata daemon socket.
         Starting Monitoring of LVM2 mirrorsâ€¦ng dmeventd or progress polling...
         Starting Remount Root and Kernel File Systems...
[[0;32m  OK  [0m] Listening on /dev/initctl Compatibility Named Pipe.
[[0;32m  OK  [0m] Reached target Slices.
         Starting Uncomplicated firewall...
         Mounting POSIX Message Queue File System...
[[0;32m  OK  [0m] Listening on Syslog Socket.
         Starting Set the console keyboard layout...
         Starting Load Kernel Modules...
[[0;32m  OK  [0m] Listening on Journal Audit Socket.
[[0;32m  OK  [0m] Listening on Network Service Netlink Socket.
[[0;32m  OK  [0m] Reached target User and Group Name Lookups.
[[0;32m  OK  [0m] Listening on Journal Socket (/dev/log).
         Starting Journal Service...
[[0;32m  OK  [0m] Listening on LVM2 poll daemon socket.
[[0;32m  OK  [0m] Mounted Kernel Debug File System.
[[0;32m  OK  [0m] Started Create list of required staâ€¦vice nodes for the current kernel.
[[0;32m  OK  [0m] Mounted Huge Pages File System.
[[0;32m  OK  [0m] Started Uncomplicated firewall.
[    5.350295] EXT4-fs (sda1): re-mounted. Opts: (null)
[[0;32m  OK  [0m] Started Remount Root and Kernel File Systems.
[[0;32m  OK  [0m] Mounted POSIX Message Queue File System.
         Starting Load/Save Random Seed...
         Starting Create Static Device Nodes in /dev...
[[0;32m  OK  [0m] Started udev Coldplug all Devices.
[    5.427153] Loading iSCSI transport class v2.0-870.
[[0;32m  OK  [0m] Started LVM2 metadata daemon.
[[0;32m  OK  [0m] Started Load/Save Random Seed.
[[0;32m  OK  [0m] Started Journal Service.
         Starting Flush Journal to Persistent Storage...
[[0;32m  OK  [0m] Started Create Static Device Nodes in /dev.
         Starting udev Kernel Device Manager...
[    5.478998] iscsi: registered transport (tcp)
[    5.501005] iscsi: registered transport (iser)
[[0;32m  OK  [0m] Started Load Kernel Modules.
         Starting Apply Kernel Variables...
         Mounting FUSE Control File System...
         Mounting Kernel Configuration File System...
[[0;32m  OK  [0m] Mounted FUSE Control File System.
[[0;32m  OK  [0m] Mounted Kernel Configuration File System.
[    5.534402] systemd-journald[393]: Received request to flush runtime journal from PID 1
[[0;32m  OK  [0m] Started udev Kernel Device Manager.
[[0;32m  OK  [0m] Started Monitoring of LVM2 mirrors,â€¦sing dmeventd or progress polling.
[[0;32m  OK  [0m] Started Apply Kernel Variables.
[[0;32m  OK  [0m] Started Flush Journal to Persistent Storage.
[[0;32m  OK  [0m] Started Set the console keyboard layout.
[[0;32m  OK  [0m] Reached target Local File Systems (Pre).
[[0;32m  OK  [0m] Reached target Local File Systems.
         Starting Commit a transient machine-id on disk...
         Starting Tell Plymouth To Write Out Runtime Data...
         Starting Create Volatile Files and Directories...
         Starting AppArmor initialization...
         Starting ebtables ruleset management...
         Starting Set console font and keymap...
[[0;32m  OK  [0m] Started Dispatch Password Requests to Console Directory Watch.
[[0;32m  OK  [0m] Reached target Local Encrypted Volumes.
[[0;32m  OK  [0m] Started Tell Plymouth To Write Out Runtime Data.
[[0;32m  OK  [0m] Started Set console font and keymap.
[[0;32m  OK  [0m] Started Create Volatile Files and Directories.
         Starting Update UTMP about System Boot/Shutdown...
[[0;32m  OK  [0m] Started Update UTMP about System Boot/Shutdown.
[[0;32m  OK  [0m] Started Commit a transient machine-id on disk.
[[0;32m  OK  [0m] Started ebtables ruleset management.
[[0;32m  OK  [0m] Found device /dev/ttyS0.
[[0;32m  OK  [0m] Listening on Load/Save RF Kill Switch Status /dev/rfkill Watch.
[[0;32m  OK  [0m] Started AppArmor initialization.
         Starting Initial cloud-init job (pre-networking)...
[    8.774751] cloud-init[541]: Cloud-init v. 19.3-41-gc4735dd3-0ubuntu1~18.04.1 running 'init-local' at Thu, 09 Jan 2020 22:09:58 +0000. Up 8.26 seconds.
[[0;32m  OK  [0m] Started Initial cloud-init job (pre-networking).
[[0;32m  OK  [0m] Reached target Network (Pre).
         Starting Network Service...
[[0;32m  OK  [0m] Started Network Service.
         Starting Wait for Network to be Configured...
         Starting Network Name Resolution...
[[0;32m  OK  [0m] Started Network Name Resolution.
[[0;32m  OK  [0m] Reached target Network.
[[0;32m  OK  [0m] Reached target Host and Network Name Lookups.
[[0;32m  OK  [0m] Started Wait for Network to be Configured.
         Starting Initial cloud-init job (metadata service crawler)...
[   11.637535] cloud-init[664]: Cloud-init v. 19.3-41-gc4735dd3-0ubuntu1~18.04.1 running 'init' at Thu, 09 Jan 2020 22:10:02 +0000. Up 11.43 seconds.
[   11.641042] cloud-init[664]: ci-info: ++++++++++++++++++++++++++++++++++++++Net device info+++++++++++++++++++++++++++++++++++++++
[   11.643509] cloud-init[664]: ci-info: +--------+-------+----------------------------+---------------+--------+-------------------+
[   11.646138] cloud-init[664]: ci-info: | Device |   Up  |          Address           |      Mask     | Scope  |     Hw-Address    |
[   11.648798] cloud-init[664]: ci-info: +--------+-------+----------------------------+---------------+--------+-------------------+
[   11.652417] cloud-init[664]: ci-info: | enp0s3 |  True |         10.0.2.15          | 255.255.255.0 | global | 02:b7:1f:33:e9:24 |
[   11.654638] cloud-init[664]: ci-info: | enp0s3 |  True | fe80::b7:1fff:fe33:e924/64 |       .       |  link  | 02:b7:1f:33:e9:24 |
[   11.656906] cloud-init[664]: ci-info: | enp0s8 | False |             .              |       .       |   .    | 08:00:27:fc:98:aa |
[   11.659454] cloud-init[664]: ci-info: |   lo   |  True |         127.0.0.1          |   255.0.0.0   |  host  |         .         |
[   11.661885] cloud-init[664]: ci-info: |   lo   |  True |          ::1/128           |       .       |  host  |         .         |
[   11.664332] cloud-init[664]: ci-info: +--------+-------+----------------------------+---------------+--------+-------------------+
[   11.666671] cloud-init[664]: ci-info: ++++++++++++++++++++++++++++Route IPv4 info+++++++++++++++++++++++++++++
[   11.668929] cloud-init[664]: ci-info: +-------+-------------+----------+-----------------+-----------+-------+
[   11.671277] cloud-init[664]: ci-info: | Route | Destination | Gateway  |     Genmask     | Interface | Flags |
[   11.673411] cloud-init[664]: ci-info: +-------+-------------+----------+-----------------+-----------+-------+
[   11.675429] cloud-init[664]: ci-info: |   0   |   0.0.0.0   | 10.0.2.2 |     0.0.0.0     |   enp0s3  |   UG  |
[   11.677414] cloud-init[664]: ci-info: |   1   |   10.0.2.0  | 0.0.0.0  |  255.255.255.0  |   enp0s3  |   U   |
[   11.679427] cloud-init[664]: ci-info: |   2   |   10.0.2.2  | 0.0.0.0  | 255.255.255.255 |   enp0s3  |   UH  |
[   11.681466] cloud-init[664]: ci-info: +-------+-------------+----------+-----------------+-----------+-------+
[   11.683495] cloud-init[664]: ci-info: +++++++++++++++++++Route IPv6 info+++++++++++++++++++
[   11.685407] cloud-init[664]: ci-info: +-------+-------------+---------+-----------+-------+
[   11.687106] cloud-init[664]: ci-info: | Route | Destination | Gateway | Interface | Flags |
[   11.688882] cloud-init[664]: ci-info: +-------+-------------+---------+-----------+-------+
[   11.690555] cloud-init[664]: ci-info: |   1   |  fe80::/64  |    ::   |   enp0s3  |   U   |
[   11.692365] cloud-init[664]: ci-info: |   3   |    local    |    ::   |   enp0s3  |   U   |
[   11.694078] cloud-init[664]: ci-info: |   4   |   ff00::/8  |    ::   |   enp0s3  |   U   |
[   11.695764] cloud-init[664]: ci-info: +-------+-------------+---------+-----------+-------+
[   12.664948] cloud-init[664]: Generating public/private rsa key pair.
[   12.667973] cloud-init[664]: Your identification has been saved in /etc/ssh/ssh_host_rsa_key.
[   12.671825] cloud-init[664]: Your public key has been saved in /etc/ssh/ssh_host_rsa_key.pub.
[   12.673611] cloud-init[664]: The key fingerprint is:
[   12.674673] cloud-init[664]: SHA256:tjU50OBOoote3dPwXUDvRNGU0ywaOghXOujvDne8cV4 root@ubuntu-bionic
[   12.676732] cloud-init[664]: The key's randomart image is:
[   12.677875] cloud-init[664]: +---[RSA 2048]----+
[   12.678895] cloud-init[664]: |        ... . o=+|
[   12.679927] cloud-init[664]: |      .o.+ ..o.o+|
[   12.680952] cloud-init[664]: |      oo*....oo..|
[   12.681951] cloud-init[664]: |     o +.oo..+   |
[   12.698384] cloud-init[664]: |    . . S =.  o  |
[   12.699552] cloud-init[664]: |   . o + B + .   |
[   12.700616] cloud-init[664]: |  . o o * * o E  |
[   12.701580] cloud-init[664]: | . .   + o = .   |
[   12.702605] cloud-init[664]: |  .    .o . .    |
[   12.703582] cloud-init[664]: +----[SHA256]-----+
[   12.709144] cloud-init[664]: Generating public/private dsa key pair.
[   12.720691] cloud-init[664]: Your identification has been saved in /etc/ssh/ssh_host_dsa_key.
[   12.732626] cloud-init[664]: Your public key has been saved in /etc/ssh/ssh_host_dsa_key.pub.
[   12.760089] cloud-init[664]: The key fingerprint is:
[   12.763834] cloud-init[664]: SHA256:rrsKWSH3iOAHnYa6AV1SIatH0YauiZW5LebWWrhIk3c root@ubuntu-bionic
[[0;32m  OK  [0m[   12.774084] cloud-init[664]: The key's randomart image is:
[   12.774491] cloud-init[664]: +---[DSA 1024]----+
[   12.776047] cloud-init[664]: |  +++.           |
[   12.776384] cloud-init[664]: | .+*+            |
[   12.777492] cloud-init[664]: |o+=Bo            |
[   12.778076] cloud-init[664]: |++B+ +           |
[   12.778156] cloud-init[664]: |==o+o . S        |
[   12.778261] cloud-init[664]: |++*+.  .         |
[   12.780995] cloud-init[664]: |.*++.E  .        |
[   12.782020] cloud-init[664]: |..=+o  .         |
[   12.782669] cloud-init[664]: |..o...+o         |
[   12.783852] cloud-init[664]: +----[SHA256]-----+
[   12.784319] cloud-init[664]: Generating public/private ecdsa key pair.
[   12.785582] cloud-init[664]: Your identification has been saved in /etc/ssh/ssh_host_ecdsa_key.
[   12.786806] cloud-init[664]: Your public key has been saved in /etc/ssh/ssh_host_ecdsa_key.pub.
[   12.787819] cloud-init[664]: The key fingerprint is:
] Started Initial cloud-init job (metadata service crawler).
[   12.788220] cloud-init[664]: SHA256:+m95E4sZDF5sMlrPveRPjsz2STS2LX9hIt/Za3aZ2YQ root@ubuntu-bionic
[[0;32m  OK  [0m] Reached target System Initialization.
[   12.804508] cloud-init[664]: The key's randomart image is:
[   12.807298] cloud-init[664]: +---[ECDSA 256]---+
[   12.813207] cloud-init[664]: |                 |
[[0;32m  OK  [0m] Listening on D-Bus System Message Bus Socket.
[   12.821646] cloud-init[664]: |                 |
         Starting Socket activation for snappy daemon.
[   12.840544] cloud-init[664]: |         .       |
[[0;32m  OK  [0m] Started ACPI Events Check.
[   12.841683] [[0;32m  OK  [0m] Reached target Paths.
[[0;32m  OK  [0m] Listening on ACPID Listen Socket.
[cloud-init[0;32m  OK  [0m] Started Discard unused blocks once a week.
[[0;32m  OK  [0m] Listening on UUID daemon activation socket.
[664]: |        = +      |
         Starting LXD - unix socket.
[   12.852292] [[0;32m  OK  [0m] Started Daily Cleanup of Temporary Directories.
cloud-init[664]: |       +SX .  +. |
[[0;32m  OK  [0m] Started Message of the Day.
[   12.866821] [[0;32m  OK  [0m] Started Daily apt download activities.
[[0;32m  OK  [0m] Started Daily apt upgrade and clean activities.
[[0;32m  OK  [0m] Reached target Timers.
cloud-init[664]: |      ... =.++E*.|
[[0;32m  OK  [0m] Listening on Open-iSCSI iscsid Socket.
[[   12.868360] [0;32m  OK  [0mcloud-init] [664]: Reached target Cloud-config availability.|      .    Bo+O.X|

[[   12.888396] cloud-init[664]: |       .  =oB* %=|
[0;32m  OK  [0m] [   12.888616] Reached target Network is Online.cloud-init
[664]: |        .o.o++B.=|
[[   12.900372] cloud-init[664]: +----[SHA256]-----+
[   12.900544] [0;32m  OK  [0mcloud-init] [664]: Reached target Remote File Systems (Pre).Generating public/private ed25519 key pair.

[[0;32m  OK  [0m[   12.912399] cloud-init[664]: Your identification has been saved in /etc/ssh/ssh_host_ed25519_key.
[   12.912930] cloud-init[664]: Your public key has been saved in /etc/ssh/ssh_host_ed25519_key.pub.
[   12.915212] cloud-init[664]: The key fingerprint is:
[   12.917867] cloud-init[664]: SHA256:GE453LUQtezwm8/MeCOjK/fTxxr2u8CdI4Se2HMzZYA root@ubuntu-bionic
[   12.918707] cloud-init[664]: The key's randomart image is:
[   12.919202] cloud-init[664]: +--[ED25519 256]--+
[   12.921559] cloud-init[664]: |        ooo      |
[   12.922485] cloud-init[664]: |     . o + +     |
[   12.922614] cloud-init[664]: |      * o E .    |
] Reached target Remote File Systems.
[   12.923366] cloud-init[664]: |     o + + . .   |
[   12.927912] cloud-init[664]: |      o S + . o  |
[   12.929687] cloud-init[664]: |         + * + . |
[   12.938364] cloud-init[664]: |        . B.X.+  |
[   12.948274] cloud-init[664]: |      . . +X+Bo. |
         Starting Availability of block devices...
[[0;32m  OK  [0m] Listening on Socket activation for snappy daemon.
[[0;32m  OK  [0m] Listening on LXD - unix socket.
[   12.970693] cloud-init[664]: |       oo+o=*++o |
[   12.984187] cloud-init[664]: +----[SHA256]-----+
[[0;32m  OK  [0m] Started Availability of block devices.
[[0;32m  OK  [0m] Reached target Sockets.
[[0;32m  OK  [0m] Reached target Basic System.
         Starting Permit User Sessions...
         Starting System Logging Service...
         Starting LSB: automatic crash report generation...
         Starting Dispatcher daemon for systemd-networkd...
[[0;32m  OK  [0m] Started Deferred execution scheduler.
[[0;32m  OK  [0m] Started irqbalance daemon.
[[0;32m  OK  [0m] Started Regular background program processing daemon.
[[0;32m  OK  [0m] Started D-Bus System Message Bus.
         Starting Login Service...
         Starting Virtualbox guest utils...
         Starting Pollinate to seed the pseudo random number generator...
         Starting LSB: Record successful boot for GRUB...
         Starting Snappy daemon...
         Starting LXD - container startup/shutdown...
[[0;32m  OK  [0m] Started FUSE filesystem for LXC.
         Starting Accounts Service...
[[0;32m  OK  [0m] Started System Logging Service.
[[0;32m  OK  [0m] Started Permit User Sessions.
[[0;32m  OK  [0m] Started Login Service.
[[0;32m  OK  [0m] Started Unattended Upgrades Shutdown.
         Starting Terminate Plymouth Boot Screen...
         Starting Hold until boot process finishes up...
[[0;32m  OK  [0m] Started Hold until boot process finishes up.
[[0;32m  OK  [0m] Started Serial Getty on ttyS0.
         Starting Set console scheme...
[[0;32m  OK  [0m] Started Terminate Plymouth Boot Screen.
[[0;32m  OK  [0m] Started Set console scheme.
[[0;32m  OK  [0m] Created slice system-getty.slice.
[[0;32m  OK  [0m] Started Getty on tty1.
[[0;32m  OK  [0m] Reached target Login Prompts.
[[0;32m  OK  [0m] Started LSB: automatic crash report generation.
[[0;32m  OK  [0m] Started LSB: Record successful boot for GRUB.
         Starting Authorization Manager...
[[0;32m  OK  [0m] Started Virtualbox guest utils.
[[0;32m  OK  [0m] Started LXD - container startup/shutdown.
[[0;32m  OK  [0m] Started Authorization Manager.
[[0;32m  OK  [0m] Started Accounts Service.
[[0;32m  OK  [0m] Started Dispatcher daemon for systemd-networkd.
[[0;32m  OK  [0m] Started Snappy daemon.
         Starting Wait until snapd is fully seeded...
[[0;32m  OK  [0m] Started Pollinate to seed the pseudo random number generator.
         Starting OpenBSD Secure Shell server...
[[0;32m  OK  [0m] Started OpenBSD Secure Shell server.
[[0;32m  OK  [0m] Created slice User Slice of vagrant.
         Starting User Manager for UID 1000...
[[0;32m  OK  [0m] Started Session 1 of user vagrant.
[[0;32m  OK  [0m] Started User Manager for UID 1000.
[[0;32m  OK  [0m] Started Wait until snapd is fully seeded.
         Starting Apply the settings specified in cloud-config...
[[0;32m  OK  [0m] Reached target Multi-User System.
[[0;32m  OK  [0m] Reached target Graphical Interface.
         Starting Update UTMP about System Runlevel Changes...
[[0;32m  OK  [0m] Started Update UTMP about System Runlevel Changes.
[   17.527834] cloud-init[1185]: Cloud-init v. 19.3-41-gc4735dd3-0ubuntu1~18.04.1 running 'modules:config' at Thu, 09 Jan 2020 22:10:07 +0000. Up 16.61 seconds.
[[0;32m  OK  [0m] Started Apply the settings specified in cloud-config.
         Starting Execute cloud user/final scripts...
ci-info: no authorized ssh keys fingerprints found for user ubuntu.
<14>Jan  9 22:10:09 ec2: 
<14>Jan  9 22:10:09 ec2: #############################################################
<14>Jan  9 22:10:09 ec2: -----BEGIN SSH HOST KEY FINGERPRINTS-----
<14>Jan  9 22:10:09 ec2: 1024 SHA256:rrsKWSH3iOAHnYa6AV1SIatH0YauiZW5LebWWrhIk3c root@ubuntu-bionic (DSA)
<14>Jan  9 22:10:09 ec2: 256 SHA256:+m95E4sZDF5sMlrPveRPjsz2STS2LX9hIt/Za3aZ2YQ root@ubuntu-bionic (ECDSA)
<14>Jan  9 22:10:09 ec2: 256 SHA256:GE453LUQtezwm8/MeCOjK/fTxxr2u8CdI4Se2HMzZYA root@ubuntu-bionic (ED25519)
<14>Jan  9 22:10:09 ec2: 2048 SHA256:tjU50OBOoote3dPwXUDvRNGU0ywaOghXOujvDne8cV4 root@ubuntu-bionic (RSA)
<14>Jan  9 22:10:09 ec2: -----END SSH HOST KEY FINGERPRINTS-----
<14>Jan  9 22:10:09 ec2: #############################################################
-----BEGIN SSH HOST KEY KEYS-----
ecdsa-sha2-nistp256 AAAAE2VjZHNhLXNoYTItbmlzdHAyNTYAAAAIbmlzdHAyNTYAAABBBLZkhGQmqpvP+IOaebu91HKdpjeb5UOX32CpbzinmFVbpRjdFXW+j+MqG1JmO/SWwEAau0qV8xXsEON6ElJ7988= root@ubuntu-bionic
ssh-ed25519 AAAAC3NzaC1lZDI1NTE5AAAAIHE7Yh+ksSgYOjMEPK+ybcTbSnYlY4b6bMQeX63k/aQw root@ubuntu-bionic
ssh-rsa AAAAB3NzaC1yc2EAAAADAQABAAABAQC7gFfz18I34Ln3SWRJ9VwXNSm/4eDK+7JMfVKSdHfoG6rnkVAlQpgQ+Vwoh7iS2bH82u2/KOvOda/ENKAhF7jEyp3XFAyC+MsG0LCyTHlcCjWzc/zoiYvNfuuOb/cXgS644lSM5TO+xhoJcEj5v+DO18lBBOzUtGo2nA+17tibC/dq2MoNprZ/8AOOoG6y33nviuer/GQkYv/t4gzoANOQpRZzsNJTAmcOdXFBFzhMsIZZQnPBoqKyFtoZJHq8jzLWhMYSTXgs/aWflx6nmCzYwaCfy1k8Bf1eERenTZwi3HbB7uhWFc3VO1/tA4id0CSiJz42v1NY5vi/tlU28/Nv root@ubuntu-bionic
-----END SSH HOST KEY KEYS-----
[   18.624521] cloud-init[1312]: Cloud-init v. 19.3-41-gc4735dd3-0ubuntu1~18.04.1 running 'modules:final' at Thu, 09 Jan 2020 22:10:08 +0000. Up 18.33 seconds.
[   18.624727] cloud-init[1312]: ci-info: no authorized ssh keys fingerprints found for user ubuntu.
[   18.625376] cloud-init[1312]: Cloud-init v. 19.3-41-gc4735dd3-0ubuntu1~18.04.1 finished at Thu, 09 Jan 2020 22:10:09 +0000. Datasource DataSourceNoCloud [seed=/dev/sdb][dsmode=net].  Up 18.60 seconds

Ubuntu 18.04.3 LTS ubuntu-bionic ttyS0

ubuntu-bionic login: [ 1197.842773] Out of memory: Kill process 17116 (bundle) score 222 or sacrifice child
[ 1197.845175] Killed process 17116 (bundle) total-vm:1023792kB, anon-rss:453048kB, file-rss:0kB, shmem-rss:48kB
