[    0.000000] Linux version 4.15.0-72-generic (buildd@lcy01-amd64-026) (gcc version 7.4.0 (Ubuntu 7.4.0-1ubuntu1~18.04.1)) #81-Ubuntu SMP Tue Nov 26 12:20:02 UTC 2019 (Ubuntu 4.15.0-72.81-generic 4.15.18)
[    0.000000] Command line: BOOT_IMAGE=/boot/vmlinuz-4.15.0-72-generic root=LABEL=cloudimg-rootfs ro console=tty1 console=ttyS0
[    0.000000] KERNEL supported cpus:
[    0.000000]   Intel GenuineIntel
[    0.000000]   AMD AuthenticAMD
[    0.000000]   Centaur CentaurHauls
[    0.000000] x86/fpu: Supporting XSAVE feature 0x001: 'x87 floating point registers'
[    0.000000] x86/fpu: Supporting XSAVE feature 0x002: 'SSE registers'
[    0.000000] x86/fpu: Supporting XSAVE feature 0x004: 'AVX registers'
[    0.000000] x86/fpu: xstate_offset[2]:  576, xstate_sizes[2]:  256
[    0.000000] x86/fpu: Enabled xstate features 0x7, context size is 832 bytes, using 'standard' format.
[    0.000000] e820: BIOS-provided physical RAM map:
[    0.000000] BIOS-e820: [mem 0x0000000000000000-0x000000000009fbff] usable
[    0.000000] BIOS-e820: [mem 0x000000000009fc00-0x000000000009ffff] reserved
[    0.000000] BIOS-e820: [mem 0x00000000000f0000-0x00000000000fffff] reserved
[    0.000000] BIOS-e820: [mem 0x0000000000100000-0x00000000dffeffff] usable
[    0.000000] BIOS-e820: [mem 0x00000000dfff0000-0x00000000dfffffff] ACPI data
[    0.000000] BIOS-e820: [mem 0x00000000fec00000-0x00000000fec00fff] reserved
[    0.000000] BIOS-e820: [mem 0x00000000fee00000-0x00000000fee00fff] reserved
[    0.000000] BIOS-e820: [mem 0x00000000fffc0000-0x00000000ffffffff] reserved
[    0.000000] BIOS-e820: [mem 0x0000000100000000-0x000000011cffffff] usable
[    0.000000] NX (Execute Disable) protection: active
[    0.000000] SMBIOS 2.5 present.
[    0.000000] DMI: innotek GmbH VirtualBox/VirtualBox, BIOS VirtualBox 12/01/2006
[    0.000000] Hypervisor detected: KVM
[    0.000000] e820: last_pfn = 0x11d000 max_arch_pfn = 0x400000000
[    0.000000] MTRR: Disabled
[    0.000000] x86/PAT: MTRRs disabled, skipping PAT initialization too.
[    0.000000] CPU MTRRs all blank - virtualized system.
[    0.000000] x86/PAT: Configuration [0-7]: WB  WT  UC- UC  WB  WT  UC- UC  
[    0.000000] e820: last_pfn = 0xdfff0 max_arch_pfn = 0x400000000
[    0.000000] found SMP MP-table at [mem 0x0009fff0-0x0009ffff]
[    0.000000] Scanning 1 areas for low memory corruption
[    0.000000] RAMDISK: [mem 0x35a6d000-0x36d2dfff]
[    0.000000] ACPI: Early table checksum verification disabled
[    0.000000] ACPI: RSDP 0x00000000000E0000 000024 (v02 VBOX  )
[    0.000000] ACPI: XSDT 0x00000000DFFF0030 00003C (v01 VBOX   VBOXXSDT 00000001 ASL  00000061)
[    0.000000] ACPI: FACP 0x00000000DFFF00F0 0000F4 (v04 VBOX   VBOXFACP 00000001 ASL  00000061)
[    0.000000] ACPI: DSDT 0x00000000DFFF0470 0022EA (v02 VBOX   VBOXBIOS 00000002 INTL 20181213)
[    0.000000] ACPI: FACS 0x00000000DFFF0200 000040
[    0.000000] ACPI: FACS 0x00000000DFFF0200 000040
[    0.000000] ACPI: APIC 0x00000000DFFF0240 00005C (v02 VBOX   VBOXAPIC 00000001 ASL  00000061)
[    0.000000] ACPI: SSDT 0x00000000DFFF02A0 0001CC (v01 VBOX   VBOXCPUT 00000002 INTL 20181213)
[    0.000000] No NUMA configuration found
[    0.000000] Faking a node at [mem 0x0000000000000000-0x000000011cffffff]
[    0.000000] NODE_DATA(0) allocated [mem 0x11cfd5000-0x11cffffff]
[    0.000000] kvm-clock: cpu 0, msr 1:1cf54001, primary cpu clock
[    0.000000] kvm-clock: Using msrs 4b564d01 and 4b564d00
[    0.000000] kvm-clock: using sched offset of 3559032486 cycles
[    0.000000] clocksource: kvm-clock: mask: 0xffffffffffffffff max_cycles: 0x1cd42e4dffb, max_idle_ns: 881590591483 ns
[    0.000000] Zone ranges:
[    0.000000]   DMA      [mem 0x0000000000001000-0x0000000000ffffff]
[    0.000000]   DMA32    [mem 0x0000000001000000-0x00000000ffffffff]
[    0.000000]   Normal   [mem 0x0000000100000000-0x000000011cffffff]
[    0.000000]   Device   empty
[    0.000000] Movable zone start for each node
[    0.000000] Early memory node ranges
[    0.000000]   node   0: [mem 0x0000000000001000-0x000000000009efff]
[    0.000000]   node   0: [mem 0x0000000000100000-0x00000000dffeffff]
[    0.000000]   node   0: [mem 0x0000000100000000-0x000000011cffffff]
[    0.000000] Reserved but unavailable: 98 pages
[    0.000000] Initmem setup node 0 [mem 0x0000000000001000-0x000000011cffffff]
[    0.000000] ACPI: PM-Timer IO Port: 0x4008
[    0.000000] IOAPIC[0]: apic_id 2, version 32, address 0xfec00000, GSI 0-23
[    0.000000] ACPI: INT_SRC_OVR (bus 0 bus_irq 0 global_irq 2 dfl dfl)
[    0.000000] ACPI: INT_SRC_OVR (bus 0 bus_irq 9 global_irq 9 low level)
[    0.000000] Using ACPI (MADT) for SMP configuration information
[    0.000000] smpboot: Allowing 2 CPUs, 0 hotplug CPUs
[    0.000000] PM: Registered nosave memory: [mem 0x00000000-0x00000fff]
[    0.000000] PM: Registered nosave memory: [mem 0x0009f000-0x0009ffff]
[    0.000000] PM: Registered nosave memory: [mem 0x000a0000-0x000effff]
[    0.000000] PM: Registered nosave memory: [mem 0x000f0000-0x000fffff]
[    0.000000] PM: Registered nosave memory: [mem 0xdfff0000-0xdfffffff]
[    0.000000] PM: Registered nosave memory: [mem 0xe0000000-0xfebfffff]
[    0.000000] PM: Registered nosave memory: [mem 0xfec00000-0xfec00fff]
[    0.000000] PM: Registered nosave memory: [mem 0xfec01000-0xfedfffff]
[    0.000000] PM: Registered nosave memory: [mem 0xfee00000-0xfee00fff]
[    0.000000] PM: Registered nosave memory: [mem 0xfee01000-0xfffbffff]
[    0.000000] PM: Registered nosave memory: [mem 0xfffc0000-0xffffffff]
[    0.000000] e820: [mem 0xe0000000-0xfebfffff] available for PCI devices
[    0.000000] Booting paravirtualized kernel on KVM
[    0.000000] clocksource: refined-jiffies: mask: 0xffffffff max_cycles: 0xffffffff, max_idle_ns: 7645519600211568 ns
[    0.000000] random: get_random_bytes called from start_kernel+0x99/0x4fd with crng_init=0
[    0.000000] setup_percpu: NR_CPUS:8192 nr_cpumask_bits:2 nr_cpu_ids:2 nr_node_ids:1
[    0.000000] percpu: Embedded 45 pages/cpu s147456 r8192 d28672 u1048576
[    0.000000] PV qspinlock hash table entries: 256 (order: 0, 4096 bytes)
[    0.000000] Built 1 zonelists, mobility grouping on.  Total pages: 1019961
[    0.000000] Policy zone: Normal
[    0.000000] Kernel command line: BOOT_IMAGE=/boot/vmlinuz-4.15.0-72-generic root=LABEL=cloudimg-rootfs ro console=tty1 console=ttyS0
[    0.000000] Memory: 3964864K/4144696K available (12300K kernel code, 2481K rwdata, 4264K rodata, 2428K init, 2388K bss, 179832K reserved, 0K cma-reserved)
[    0.000000] SLUB: HWalign=64, Order=0-3, MinObjects=0, CPUs=2, Nodes=1
[    0.000000] Kernel/User page tables isolation: enabled
[    0.000000] ftrace: allocating 39318 entries in 154 pages
[    0.004000] Hierarchical RCU implementation.
[    0.004000] 	RCU restricting CPUs from NR_CPUS=8192 to nr_cpu_ids=2.
[    0.004000] 	Tasks RCU enabled.
[    0.004000] RCU: Adjusting geometry for rcu_fanout_leaf=16, nr_cpu_ids=2
[    0.004000] NR_IRQS: 524544, nr_irqs: 440, preallocated irqs: 16
[    0.004000] Console: colour VGA+ 80x25
[    0.004000] console [tty1] enabled
[    0.004000] console [ttyS0] enabled
[    0.004000] ACPI: Core revision 20170831
[    0.004000] ACPI: 2 ACPI AML tables successfully acquired and loaded
[    0.004000] APIC: Switch to symmetric I/O mode setup
[    0.004300] x2apic enabled
[    0.005343] Switched APIC routing to physical x2apic.
[    0.007973] ..TIMER: vector=0x30 apic1=0 pin1=2 apic2=-1 pin2=-1
[    0.008004] tsc: Detected 2294.782 MHz processor
[    0.009200] Calibrating delay loop (skipped) preset value.. 4589.56 BogoMIPS (lpj=9179128)
[    0.012005] pid_max: default: 32768 minimum: 301
[    0.013244] Security Framework initialized
[    0.014331] Yama: becoming mindful.
[    0.015311] AppArmor: AppArmor initialized
[    0.017602] Dentry cache hash table entries: 524288 (order: 10, 4194304 bytes)
[    0.021002] Inode-cache hash table entries: 262144 (order: 9, 2097152 bytes)
[    0.024043] Mount-cache hash table entries: 8192 (order: 4, 65536 bytes)
[    0.025891] Mountpoint-cache hash table entries: 8192 (order: 4, 65536 bytes)
[    0.028364] Last level iTLB entries: 4KB 512, 2MB 8, 4MB 8
[    0.029958] Last level dTLB entries: 4KB 512, 2MB 32, 4MB 32, 1GB 0
[    0.032011] Spectre V1 : Mitigation: usercopy/swapgs barriers and __user pointer sanitization
[    0.034416] Spectre V2 : Mitigation: Full generic retpoline
[    0.036008] Spectre V2 : Spectre v2 / SpectreRSB mitigation: Filling RSB on context switch
[    0.038915] Speculative Store Bypass: Vulnerable
[    0.040072] MDS: Vulnerable: Clear CPU buffers attempted, no microcode
[    0.041515] Freeing SMP alternatives memory: 36K
[    0.153618] smpboot: CPU0: Intel(R) Core(TM) i5-3427U CPU @ 1.80GHz (family: 0x6, model: 0x3a, stepping: 0x9)
[    0.155660] Performance Events: unsupported p6 CPU model 58 no PMU driver, software events only.
[    0.156095] Hierarchical SRCU implementation.
[    0.158039] NMI watchdog: Perf event create on CPU 0 failed with -2
[    0.159268] NMI watchdog: Perf NMI watchdog permanently disabled
[    0.160082] smp: Bringing up secondary CPUs ...
[    0.161756] x86: Booting SMP configuration:
[    0.162645] .... node  #0, CPUs:      #1
[    0.004000] kvm-clock: cpu 1, msr 1:1cf54041, secondary cpu clock
[    0.168050] smp: Brought up 1 node, 2 CPUs
[    0.168847] smpboot: Max logical packages: 1
[    0.169690] smpboot: Total of 2 processors activated (9179.12 BogoMIPS)
[    0.171270] devtmpfs: initialized
[    0.172075] x86/mm: Memory block size: 128MB
[    0.173324] evm: security.selinux
[    0.174044] evm: security.SMACK64
[    0.174706] evm: security.SMACK64EXEC
[    0.175438] evm: security.SMACK64TRANSMUTE
[    0.176004] evm: security.SMACK64MMAP
[    0.176737] evm: security.apparmor
[    0.177477] evm: security.ima
[    0.178159] evm: security.capability
[    0.178958] clocksource: jiffies: mask: 0xffffffff max_cycles: 0xffffffff, max_idle_ns: 7645041785100000 ns
[    0.180015] futex hash table entries: 512 (order: 3, 32768 bytes)
[    0.181282] pinctrl core: initialized pinctrl subsystem
[    0.184155] RTC time:  0:26:27, date: 01/11/20
[    0.185317] NET: Registered protocol family 16
[    0.186305] audit: initializing netlink subsys (disabled)
[    0.188010] audit: type=2000 audit(1578702391.871:1): state=initialized audit_enabled=0 res=1
[    0.189745] cpuidle: using governor ladder
[    0.190119] cpuidle: using governor menu
[    0.192000] ACPI: bus type PCI registered
[    0.192006] acpiphp: ACPI Hot Plug PCI Controller Driver version: 0.5
[    0.196131] PCI: Using configuration type 1 for base access
[    0.200430] HugeTLB registered 2.00 MiB page size, pre-allocated 0 pages
[    0.201773] ACPI: Added _OSI(Module Device)
[    0.204006] ACPI: Added _OSI(Processor Device)
[    0.205160] ACPI: Added _OSI(3.0 _SCP Extensions)
[    0.206375] ACPI: Added _OSI(Processor Aggregator Device)
[    0.207808] ACPI: Added _OSI(Linux-Dell-Video)
[    0.208005] ACPI: Added _OSI(Linux-Lenovo-NV-HDMI-Audio)
[    0.209373] ACPI: Added _OSI(Linux-HPI-Hybrid-Graphics)
[    0.212142] ACPI: Executed 1 blocks of module-level executable AML code
[    0.218139] ACPI: Interpreter enabled
[    0.219194] ACPI: (supports S0 S5)
[    0.220006] ACPI: Using IOAPIC for interrupt routing
[    0.221607] PCI: Using host bridge windows from ACPI; if necessary, use "pci=nocrs" and report a bug
[    0.224214] ACPI: Enabled 2 GPEs in block 00 to 07
[    0.233152] ACPI: PCI Root Bridge [PCI0] (domain 0000 [bus 00-ff])
[    0.234753] acpi PNP0A03:00: _OSC: OS supports [ASPM ClockPM Segments MSI]
[    0.236665] acpi PNP0A03:00: _OSC: not requesting OS control; OS requires [ExtendedConfig ASPM ClockPM MSI]
[    0.239176] acpi PNP0A03:00: fail to add MMCONFIG information, can't access extended PCI configuration space under this bridge.
[    0.240483] PCI host bridge to bus 0000:00
[    0.244007] pci_bus 0000:00: root bus resource [io  0x0000-0x0cf7 window]
[    0.245744] pci_bus 0000:00: root bus resource [io  0x0d00-0xffff window]
[    0.248005] pci_bus 0000:00: root bus resource [mem 0x000a0000-0x000bffff window]
[    0.249940] pci_bus 0000:00: root bus resource [mem 0xe0000000-0xfdffffff window]
[    0.252005] pci_bus 0000:00: root bus resource [bus 00-ff]
[    0.255275] pci 0000:00:01.1: legacy IDE quirk: reg 0x10: [io  0x01f0-0x01f7]
[    0.256005] pci 0000:00:01.1: legacy IDE quirk: reg 0x14: [io  0x03f6]
[    0.257248] pci 0000:00:01.1: legacy IDE quirk: reg 0x18: [io  0x0170-0x0177]
[    0.258582] pci 0000:00:01.1: legacy IDE quirk: reg 0x1c: [io  0x0376]
[    0.319594] pci 0000:00:07.0: quirk: [io  0x4000-0x403f] claimed by PIIX4 ACPI
[    0.320069] pci 0000:00:07.0: quirk: [io  0x4100-0x410f] claimed by PIIX4 SMB
[    0.361948] ACPI: PCI Interrupt Link [LNKA] (IRQs 5 9 10 *11)
[    0.364569] ACPI: PCI Interrupt Link [LNKB] (IRQs 5 9 *10 11)
[    0.366496] ACPI: PCI Interrupt Link [LNKC] (IRQs 5 *9 10 11)
[    0.368247] ACPI: PCI Interrupt Link [LNKD] (IRQs 5 9 10 *11)
[    0.370768] SCSI subsystem initialized
[    0.372128] pci 0000:00:02.0: vgaarb: setting as boot VGA device
[    0.373825] pci 0000:00:02.0: vgaarb: VGA device added: decodes=io+mem,owns=io+mem,locks=none
[    0.376012] pci 0000:00:02.0: vgaarb: bridge control possible
[    0.377116] vgaarb: loaded
[    0.377758] ACPI: bus type USB registered
[    0.378600] usbcore: registered new interface driver usbfs
[    0.379662] usbcore: registered new interface driver hub
[    0.380032] usbcore: registered new device driver usb
[    0.381415] EDAC MC: Ver: 3.0.0
[    0.381415] PCI: Using ACPI for IRQ routing
[    0.384357] NetLabel: Initializing
[    0.385280] NetLabel:  domain hash size = 128
[    0.386442] NetLabel:  protocols = UNLABELED CIPSOv4 CALIPSO
[    0.388030] NetLabel:  unlabeled traffic allowed by default
[    0.389481] clocksource: Switched to clocksource kvm-clock
[    0.403876] VFS: Disk quotas dquot_6.6.0
[    0.406519] VFS: Dquot-cache hash table entries: 512 (order 0, 4096 bytes)
[    0.408827] AppArmor: AppArmor Filesystem Enabled
[    0.410107] pnp: PnP ACPI init
[    0.412348] pnp: PnP ACPI: found 3 devices
[    0.424992] clocksource: acpi_pm: mask: 0xffffff max_cycles: 0xffffff, max_idle_ns: 2085701024 ns
[    0.426853] NET: Registered protocol family 2
[    0.427970] TCP established hash table entries: 32768 (order: 6, 262144 bytes)
[    0.429482] TCP bind hash table entries: 32768 (order: 7, 524288 bytes)
[    0.430769] TCP: Hash tables configured (established 32768 bind 32768)
[    0.432065] UDP hash table entries: 2048 (order: 4, 65536 bytes)
[    0.433251] UDP-Lite hash table entries: 2048 (order: 4, 65536 bytes)
[    0.434505] NET: Registered protocol family 1
[    0.435385] pci 0000:00:00.0: Limiting direct PCI/PCI transfers
[    0.436588] pci 0000:00:01.0: Activating ISA DMA hang workarounds
[    0.437825] pci 0000:00:02.0: Video device with shadowed ROM at [mem 0x000c0000-0x000dffff]
[    0.439538] Unpacking initramfs...
[    0.732293] Freeing initrd memory: 19204K
[    0.733719] PCI-DMA: Using software bounce buffering for IO (SWIOTLB)
[    0.735596] software IO TLB: mapped [mem 0xdbff0000-0xdfff0000] (64MB)
[    0.737581] clocksource: tsc: mask: 0xffffffffffffffff max_cycles: 0x2113f3e285e, max_idle_ns: 440795211891 ns
[    0.740380] platform rtc_cmos: registered platform RTC device (no PNP device found)
[    0.742677] Scanning for low memory corruption every 60 seconds
[    0.745428] Initialise system trusted keyrings
[    0.746706] Key type blacklist registered
[    0.748092] workingset: timestamp_bits=36 max_order=20 bucket_order=0
[    0.752138] zbud: loaded
[    0.754638] squashfs: version 4.0 (2009/01/31) Phillip Lougher
[    0.756909] fuse init (API version 7.26)
[    0.762790] Key type asymmetric registered
[    0.764103] Asymmetric key parser 'x509' registered
[    0.765597] Block layer SCSI generic (bsg) driver version 0.4 loaded (major 246)
[    0.767985] io scheduler noop registered
[    0.769454] io scheduler deadline registered
[    0.770881] io scheduler cfq registered (default)
[    0.772953] ACPI: AC Adapter [AC] (on-line)
[    0.774517] input: Power Button as /devices/LNXSYSTM:00/LNXPWRBN:00/input/input0
[    0.777378] ACPI: Power Button [PWRF]
[    0.778709] input: Sleep Button as /devices/LNXSYSTM:00/LNXSLPBN:00/input/input1
[    0.780987] ACPI: Sleep Button [SLPF]
[    0.784350] ACPI: Battery Slot [BAT0] (battery present)
[    0.786305] Serial: 8250/16550 driver, 32 ports, IRQ sharing enabled
[    0.809316] 00:02: ttyS0 at I/O 0x3f8 (irq = 4, base_baud = 115200) is a 16550A
[    0.817046] Linux agpgart interface v0.103
[    0.823278] loop: module loaded
[    0.825519] scsi host0: ata_piix
[    0.826938] scsi host1: ata_piix
[    0.828284] ata1: PATA max UDMA/33 cmd 0x1f0 ctl 0x3f6 bmdma 0xd000 irq 14
[    0.830725] ata2: PATA max UDMA/33 cmd 0x170 ctl 0x376 bmdma 0xd008 irq 15
[    0.833628] libphy: Fixed MDIO Bus: probed
[    0.835127] tun: Universal TUN/TAP device driver, 1.6
[    0.837221] PPP generic driver version 2.4.2
[    0.838966] ehci_hcd: USB 2.0 'Enhanced' Host Controller (EHCI) Driver
[    0.841779] ehci-pci: EHCI PCI platform driver
[    0.843445] ehci-platform: EHCI generic platform driver
[    0.845046] ohci_hcd: USB 1.1 'Open' Host Controller (OHCI) Driver
[    0.846224] ohci-pci: OHCI PCI platform driver
[    0.847122] ohci-platform: OHCI generic platform driver
[    0.848250] uhci_hcd: USB Universal Host Controller Interface driver
[    0.849525] i8042: PNP: PS/2 Controller [PNP0303:PS2K,PNP0f03:PS2M] at 0x60,0x64 irq 1,12
[    0.851988] serio: i8042 KBD port at 0x60,0x64 irq 1
[    0.853350] serio: i8042 AUX port at 0x60,0x64 irq 12
[    0.855178] mousedev: PS/2 mouse device common for all mice
[    0.860916] input: AT Translated Set 2 keyboard as /devices/platform/i8042/serio0/input/input2
[    0.863530] rtc_cmos rtc_cmos: rtc core: registered rtc_cmos as rtc0
[    0.864937] rtc_cmos rtc_cmos: alarms up to one day, 114 bytes nvram
[    0.866195] i2c /dev entries driver
[    0.866998] device-mapper: uevent: version 1.0.3
[    0.868233] device-mapper: ioctl: 4.37.0-ioctl (2017-09-20) initialised: dm-devel@redhat.com
[    0.870566] ledtrig-cpu: registered to indicate activity on CPUs
[    0.872386] NET: Registered protocol family 10
[    0.878561] Segment Routing with IPv6
[    0.879881] NET: Registered protocol family 17
[    0.881004] Key type dns_resolver registered
[    0.882157] mce: Using 0 MCE banks
[    0.882873] RAS: Correctable Errors collector initialized.
[    0.884183] sched_clock: Marking stable (884129791, 0)->(1156449530, -272319739)
[    0.886482] registered taskstats version 1
[    0.887319] Loading compiled-in X.509 certificates
[    0.891854] Loaded X.509 cert 'Build time autogenerated kernel key: f4f7241365689b0cbe3898188e65e316fd8f978d'
[    0.893920] zswap: loaded using pool lzo/zbud
[    0.899721] Key type big_key registered
[    0.900900] Key type trusted registered
[    0.905076] Key type encrypted registered
[    0.905992] AppArmor: AppArmor sha1 policy hashing enabled
[    0.907088] ima: No TPM chip found, activating TPM-bypass! (rc=-19)
[    0.908462] ima: Allocated hash algorithm: sha1
[    0.909824] evm: HMAC attrs: 0x1
[    0.910839]   Magic number: 4:166:405
[    0.911729] rtc_cmos rtc_cmos: setting system clock to 2020-01-11 00:26:27 UTC (1578702387)
[    0.913652] BIOS EDD facility v0.16 2004-Jun-25, 0 devices found
[    0.914792] EDD information not available.
[    1.001132] Freeing unused kernel image memory: 2428K
[    1.012096] Write protecting the kernel read-only data: 20480k
[    1.014364] Freeing unused kernel image memory: 2008K
[    1.016203] Freeing unused kernel image memory: 1880K
[    1.026438] x86/mm: Checked W+X mappings: passed, no W+X pages found.
[    1.029991] x86/mm: Checking user space page tables
[    1.040156] x86/mm: Checked W+X mappings: passed, no W+X pages found.
Loading, please wait...
starting version 237
[    1.143623] Fusion MPT base driver 3.04.20
[    1.145086] Copyright (c) 1999-2008 LSI Corporation
[    1.163685] e1000: Intel(R) PRO/1000 Network Driver - version 7.3.21-k8-NAPI
[    1.165922] e1000: Copyright (c) 1999-2006 Intel Corporation.
[    1.174409] Fusion MPT SPI Host driver 3.04.20
[    1.179502] AVX version of gcm_enc/dec engaged.
[    1.180866] AES CTR mode by8 optimization enabled
[    1.373670] input: ImExPS/2 Generic Explorer Mouse as /devices/platform/i8042/serio1/input/input4
[    1.563072] e1000 0000:00:03.0 eth0: (PCI:33MHz:32-bit) 02:b7:1f:33:e9:24
[    1.564918] e1000 0000:00:03.0 eth0: Intel(R) PRO/1000 Network Connection
[    1.567767] mptbase: ioc0: Initiating bringup
[    1.665128] ioc0: LSI53C1030 A0: Capabilities={Initiator}
[    1.914825] scsi host2: ioc0: LSI53C1030 A0, FwRev=00000000h, Ports=1, MaxQ=256, IRQ=20
[    2.089894] scsi 2:0:0:0: Direct-Access     VBOX     HARDDISK         1.0  PQ: 0 ANSI: 5
[    2.128437] scsi target2:0:0: Beginning Domain Validation
[    2.131877] scsi target2:0:0: Domain Validation skipping write tests
[    2.135037] scsi target2:0:0: Ending Domain Validation
[    2.137668] scsi target2:0:0: asynchronous
[    2.140884] scsi 2:0:1:0: Direct-Access     VBOX     HARDDISK         1.0  PQ: 0 ANSI: 5
[    2.436163] scsi target2:0:1: Beginning Domain Validation
[    2.440601] random: fast init done
[    2.442677] scsi target2:0:1: Domain Validation skipping write tests
[    2.444359] scsi target2:0:1: Ending Domain Validation
[    2.445807] scsi target2:0:1: asynchronous
[    2.454670] random: systemd-udevd: uninitialized urandom read (16 bytes read)
[    2.456729] random: systemd-udevd: uninitialized urandom read (16 bytes read)
[    2.456760] sd 2:0:0:0: Attached scsi generic sg0 type 0
[    2.461874] random: systemd-udevd: uninitialized urandom read (16 bytes read)
[    2.466046] sd 2:0:0:0: [sda] 20971520 512-byte logical blocks: (10.7 GB/10.0 GiB)
[    2.468434] sd 2:0:0:0: [sda] Write Protect is off
[    2.473724] sd 2:0:0:0: [sda] Incomplete mode parameter data
[    2.475494] sd 2:0:0:0: [sda] Assuming drive cache: write through
[    2.477253] sd 2:0:1:0: Attached scsi generic sg1 type 0
[    2.480743] sd 2:0:1:0: [sdb] 20480 512-byte logical blocks: (10.5 MB/10.0 MiB)
[    2.482616] e1000 0000:00:08.0 eth1: (PCI:33MHz:32-bit) 08:00:27:d5:0f:89
[    2.484199] e1000 0000:00:08.0 eth1: Intel(R) PRO/1000 Network Connection
[    2.486513] sd 2:0:1:0: [sdb] Write Protect is off
[    2.488076] sd 2:0:1:0: [sdb] Incomplete mode parameter data
[    2.489794] sd 2:0:1:0: [sdb] Assuming drive cache: write through
[    2.490142] e1000 0000:00:03.0 enp0s3: renamed from eth0
[    2.504466]  sda: sda1
[    2.510407] sd 2:0:1:0: [sdb] Attached SCSI disk
[    2.512685] sd 2:0:0:0: [sda] Attached SCSI disk
[    2.522467] e1000 0000:00:08.0 enp0s8: renamed from eth1
Begin: Loading essential drivers ... [    4.056072] raid6: sse2x1   gen()  7787 MB/s
[    4.104046] raid6: sse2x1   xor()  5144 MB/s
[    4.152053] raid6: sse2x2   gen()  7211 MB/s
[    4.200039] raid6: sse2x2   xor()  5101 MB/s
[    4.248034] raid6: sse2x4   gen() 11236 MB/s
[    4.296044] raid6: sse2x4   xor()  7126 MB/s
[    4.297208] raid6: using algorithm sse2x4 gen() 11236 MB/s
[    4.298302] raid6: .... xor() 7126 MB/s, rmw enabled
[    4.299259] raid6: using ssse3x2 recovery algorithm
[    4.302931] xor: automatically using best checksumming function   avx       
[    4.311429] async_tx: api initialized (async)
done.
Begin: Running /scripts/init-premount ... done.
Begin: Mounting root file system ... Begin: Running /scripts/local-top ... done.
Begin: Running /scripts/local-premount ... [    4.389519] Btrfs loaded, crc32c=crc32c-intel
Scanning for Btrfs filesystems
done.
Warning: fsck not present, so skipping root file system
[    4.450010] EXT4-fs (sda1): mounted filesystem with ordered data mode. Opts: (null)
done.
Begin: Running /scripts/local-bottom ... done.
Begin: Running /scripts/init-bottom ... done.
[    4.703529] ip_tables: (C) 2000-2006 Netfilter Core Team
[    4.717190] systemd[1]: systemd 237 running in system mode. (+PAM +AUDIT +SELINUX +IMA +APPARMOR +SMACK +SYSVINIT +UTMP +LIBCRYPTSETUP +GCRYPT +GNUTLS +ACL +XZ +LZ4 +SECCOMP +BLKID +ELFUTILS +KMOD -IDN2 +IDN -PCRE2 default-hierarchy=hybrid)
[    4.722551] systemd[1]: Detected virtualization oracle.
[    4.723583] systemd[1]: Detected architecture x86-64.

Welcome to [1mUbuntu 18.04.3 LTS[0m!

[    4.731214] systemd[1]: Set hostname to <ubuntu>.
[    4.735629] systemd[1]: Initializing machine ID from random generator.
[    4.737490] systemd[1]: Installed transient /etc/machine-id file.
[    5.095455] systemd[1]: Created slice System Slice.
[[0;32m  OK  [0m] Created slice System Slice.
[    5.098852] systemd[1]: Listening on udev Kernel Socket.
[[0;32m  OK  [0m] Listening on udev Kernel Socket.
[    5.102189] systemd[1]: Listening on udev Control Socket.
[[0;32m  OK  [0m] Listening on udev Control Socket.
[    5.105165] systemd[1]: Listening on Syslog Socket.
[[0;32m  OK  [0m] Listening on Syslog Socket.
[[0;32m  OK  [0m] Listening on Journal Audit Socket.
[[0;32m  OK  [0m] Listening on Journal Socket.
         Mounting Kernel Debug File System...
         Starting udev Coldplug all Devices...
         Starting Load Kernel Modules...
         Mounting Huge Pages File System...
         Starting Set the console keyboard layout...
         Starting Create list of required stâ€¦ce nodes for the current kernel...
         Starting Uncomplicated firewall...
[[0;32m  OK  [0m] Listening on /dev/initctl Compatibility Named Pipe.
         Mounting POSIX Message Queue File System...
[[0;32m  OK  [0m] Listening on LVM2 poll daemon socket.
[[0;32m  OK  [0m] Set up automount Arbitrary Executabâ€¦rmats File System Automount Point.
[[0;32m  OK  [0m] Listening on Journal Socket (/dev/log).
[[0;32m  OK  [0m] Started Forward Password Requests to Wall Directory Watch.
[[0;32m  OK  [0m] Reached target System Time Synchronized.
[[0;32m  OK  [0m] Reached target Swap.
         Starting Remount Root and Kernel File Systems...
[[0;32m  OK  [0m] Created slice system-serial\x2dgetty.slice.
[[0;32m  OK  [0m] Created slice User and Session Slice.
[[0;32m  OK  [0m] Reached target Slices.
         Starting Journal Service...
[[0;32m  OK  [0m] Listening on Device-mapper event daemon FIFOs.
[[0;32m  OK  [0m] Listening on Network Service Netlink Socket.
[[0;32m  OK  [0m] Reached target User and Group Name Lookups.
[[0;32m  OK  [0m] Listening on LVM2 metadata daemon socket.
         Starting Monitoring of LVM2 mirrorsâ€¦ng dmeventd or progress polling...
[[0;32m  OK  [0m] Mounted Kernel Debug File System.
[    5.190816] Loading iSCSI transport class v2.0-870.
[[0;32m  OK  [0m] Mounted Huge Pages File System.
[[0;32m  OK  [0m] Started Create list of required staâ€¦vice nodes for the current kernel.
[[0;32m  OK  [0m] Started Uncomplicated firewall.
[[0;32m  OK  [0m] Mounted POSIX Message Queue File System.
         Starting Create Static Device Nodes in /dev...
[[0;32m  OK  [0m] Started LVM2 metadata daemon.
[    5.273533] iscsi: registered transport (tcp)
[[0;32m  OK  [0m] Started udev Coldplug all Devices.
[    5.308071] EXT4-fs (sda1): re-mounted. Opts: (null)
[[0;32m  OK  [0m] Started Remount Root and Kernel File Systems.
[    5.349794] iscsi: registered transport (iser)
         Starting Load/Save Random Seed...
[[0;32m  OK  [0m] Started Load Kernel Modules.
         Mounting Kernel Configuration File System...
         Starting Apply Kernel Variables...
         Mounting FUSE Control File System...
[[0;32m  OK  [0m] Mounted Kernel Configuration File System.
[[0;32m  OK  [0m] Mounted FUSE Control File System.
[[0;32m  OK  [0m] Started Monitoring of LVM2 mirrors,â€¦sing dmeventd or progress polling.
[[0;32m  OK  [0m] Started Journal Service.
[[0;32m  OK  [0m] Started Load/Save Random Seed.
         Starting Flush Journal to Persistent Storage...
[[0;32m  OK  [0m] Started Apply Kernel Variables.
[[0;32m  OK  [0m] Started Create Static Device Nodes in /dev.
         Starting udev Kernel Device Manager...
[[0;32m  OK  [0m] Started Flush Journal to Persistent Storage.
[[0;32m  OK  [0m] Started Set the console keyboard layout.
[[0;32m  OK  [0m] Reached target Local File Systems (Pre).
[[0;32m  OK  [0m] Reached target Local File Systems.
         Starting Create Volatile Files and Directories...
         Starting ebtables ruleset management...
         Starting AppArmor initialization...
         Starting Set console font and keymap...
         Starting Tell Plymouth To Write Out Runtime Data...
         Starting Commit a transient machine-id on disk...
[[0;32m  OK  [0m] Started udev Kernel Device Manager.
[[0;32m  OK  [0m] Started Dispatch Password Requests to Console Directory Watch.
[[0;32m  OK  [0m] Reached target Local Encrypted Volumes.
[[0;32m  OK  [0m] Started Create Volatile Files and Directories.
         Starting Update UTMP about System Boot/Shutdown...
[[0;32m  OK  [0m] Started Set console font and keymap.
[[0;32m  OK  [0m] Started Tell Plymouth To Write Out Runtime Data.
[[0;32m  OK  [0m] Started Update UTMP about System Boot/Shutdown.
[[0;32m  OK  [0m] Started Commit a transient machine-id on disk.
[[0;32m  OK  [0m] Started ebtables ruleset management.
[[0;32m  OK  [0m] Found device /dev/ttyS0.
[[0;32m  OK  [0m] Listening on Load/Save RF Kill Switch Status /dev/rfkill Watch.
[[0;32m  OK  [0m] Started AppArmor initialization.
         Starting Initial cloud-init job (pre-networking)...
[    8.768791] cloud-init[541]: Cloud-init v. 19.3-41-gc4735dd3-0ubuntu1~18.04.1 running 'init-local' at Sat, 11 Jan 2020 00:26:34 +0000. Up 8.24 seconds.
[[0;32m  OK  [0m] Started Initial cloud-init job (pre-networking).
[[0;32m  OK  [0m] Reached target Network (Pre).
         Starting Network Service...
[[0;32m  OK  [0m] Started Network Service.
         Starting Network Name Resolution...
         Starting Wait for Network to be Configured...
[[0;32m  OK  [0m] Started Network Name Resolution.
[[0;32m  OK  [0m] Reached target Host and Network Name Lookups.
[[0;32m  OK  [0m] Reached target Network.
[[0;32m  OK  [0m] Started Wait for Network to be Configured.
         Starting Initial cloud-init job (metadata service crawler)...
[   11.777946] cloud-init[655]: Cloud-init v. 19.3-41-gc4735dd3-0ubuntu1~18.04.1 running 'init' at Sat, 11 Jan 2020 00:26:38 +0000. Up 11.56 seconds.
[   11.781048] cloud-init[655]: ci-info: ++++++++++++++++++++++++++++++++++++++Net device info+++++++++++++++++++++++++++++++++++++++
[   11.783412] cloud-init[655]: ci-info: +--------+-------+----------------------------+---------------+--------+-------------------+
[   11.786317] cloud-init[655]: ci-info: | Device |   Up  |          Address           |      Mask     | Scope  |     Hw-Address    |
[   11.788800] cloud-init[655]: ci-info: +--------+-------+----------------------------+---------------+--------+-------------------+
[   11.791236] cloud-init[655]: ci-info: | enp0s3 |  True |         10.0.2.15          | 255.255.255.0 | global | 02:b7:1f:33:e9:24 |
[   11.793458] cloud-init[655]: ci-info: | enp0s3 |  True | fe80::b7:1fff:fe33:e924/64 |       .       |  link  | 02:b7:1f:33:e9:24 |
[   11.795900] cloud-init[655]: ci-info: | enp0s8 | False |             .              |       .       |   .    | 08:00:27:d5:0f:89 |
[   11.798324] cloud-init[655]: ci-info: |   lo   |  True |         127.0.0.1          |   255.0.0.0   |  host  |         .         |
[   11.800808] cloud-init[655]: ci-info: |   lo   |  True |          ::1/128           |       .       |  host  |         .         |
[   11.803195] cloud-init[655]: ci-info: +--------+-------+----------------------------+---------------+--------+-------------------+
[   11.805657] cloud-init[655]: ci-info: ++++++++++++++++++++++++++++Route IPv4 info+++++++++++++++++++++++++++++
[   11.807769] cloud-init[655]: ci-info: +-------+-------------+----------+-----------------+-----------+-------+
[   11.809850] cloud-init[655]: ci-info: | Route | Destination | Gateway  |     Genmask     | Interface | Flags |
[   11.811928] cloud-init[655]: ci-info: +-------+-------------+----------+-----------------+-----------+-------+
[   11.813978] cloud-init[655]: ci-info: |   0   |   0.0.0.0   | 10.0.2.2 |     0.0.0.0     |   enp0s3  |   UG  |
[   11.815822] cloud-init[655]: ci-info: |   1   |   10.0.2.0  | 0.0.0.0  |  255.255.255.0  |   enp0s3  |   U   |
[   11.817980] cloud-init[655]: ci-info: |   2   |   10.0.2.2  | 0.0.0.0  | 255.255.255.255 |   enp0s3  |   UH  |
[   11.820073] cloud-init[655]: ci-info: +-------+-------------+----------+-----------------+-----------+-------+
[   11.822106] cloud-init[655]: ci-info: +++++++++++++++++++Route IPv6 info+++++++++++++++++++
[   11.823860] cloud-init[655]: ci-info: +-------+-------------+---------+-----------+-------+
[   11.825622] cloud-init[655]: ci-info: | Route | Destination | Gateway | Interface | Flags |
[   11.827361] cloud-init[655]: ci-info: +-------+-------------+---------+-----------+-------+
[   11.829141] cloud-init[655]: ci-info: |   1   |  fe80::/64  |    ::   |   enp0s3  |   U   |
[   11.830860] cloud-init[655]: ci-info: |   3   |    local    |    ::   |   enp0s3  |   U   |
[   11.832663] cloud-init[655]: ci-info: |   4   |   ff00::/8  |    ::   |   enp0s3  |   U   |
[   11.834358] cloud-init[655]: ci-info: +-------+-------------+---------+-----------+-------+
[   12.854069] cloud-init[655]: Generating public/private rsa key pair.
[   12.855498] cloud-init[655]: Your identification has been saved in /etc/ssh/ssh_host_rsa_key.
[   12.857411] cloud-init[655]: Your public key has been saved in /etc/ssh/ssh_host_rsa_key.pub.
[   12.859164] cloud-init[655]: The key fingerprint is:
[   12.860262] cloud-init[655]: SHA256:Jqtj/WvIMdV8eBUIaOhzJBlmrnKmHQnjgc0QZS4T7J0 root@ubuntu-bionic
[   12.862119] cloud-init[655]: The key's randomart image is:
[   12.863303] cloud-init[655]: +---[RSA 2048]----+
[   12.864478] cloud-init[655]: |=oo   ++ ... ... |
[   12.865755] cloud-init[655]: | X   ++ +   . .  |
[   12.867630] cloud-init[655]: |= O ...+ o . .   |
[   12.868638] cloud-init[655]: | = E oo o + o    |
[   12.869840] cloud-init[655]: |  o * .+S  o     |
[   12.871171] cloud-init[655]: |   * .o+         |
[   12.882605] cloud-init[655]: |  . .o.+         |
[   12.884380] cloud-init[655]: |    o.+ .        |
[   12.896387] cloud-init[655]: |   ... oo.       |
[   12.897350] cloud-init[655]: +----[SHA256]-----+
[   12.913930] cloud-init[655]: Generating public/private dsa key pair.
[   12.915467] cloud-init[655]: Your identification has been saved in /etc/ssh/ssh_host_dsa_key.
[   12.917330] cloud-init[655]: Your public key has been saved in /etc/ssh/ssh_host_dsa_key.pub.
[   12.919132] cloud-init[655]: The key fingerprint is:
[   12.920476] cloud-init[655]: SHA256:X2NnxItmUa9/sKRHBVF82vJXbpET4EJswJS2dyZLiwQ root@ubuntu-bionic
[   12.933308] cloud-init[655]: The key's randomart image is:
[   12.945422] cloud-init[655]: +---[DSA 1024]----+
[   12.946862] cloud-init[655]: |        oo+. .=+.|
[   12.947718] cloud-init[655]: |       E +.o.o +o|
[   12.965476] cloud-init[655]: |        o o...oo*|
[   12.968632] cloud-init[655]: |         o +.*oBo|
[   12.970657] cloud-init[655]: |        S + & O++|
[   12.971920] cloud-init[655]: |         o B B +=|
[   12.973192] cloud-init[655]: |          . . o.+|
[[0;32m  OK  [0m] Started Initial cloud-init job (metadata service crawler).
[[0;32m  OK  [0m] Reached target Cloud-config availability.
[[0;32m  OK  [0m] Reached target System Initialization.
[   12.994578] cloud-init[655]: |             .  .|
[   13.004453] cloud-init[655]: |                 |
[   13.005789] cloud-init[655]: +----[SHA256]-----+
[[0;32m  OK  [0m[   13.020296] cloud-init[655]: Generating public/private ecdsa key pair.
] Started Message of the Day.
[   13.020984] cloud-init[655]: Your identification has been saved in /etc/ssh/ssh_host_ecdsa_key.
         [   13.036763] cloud-init[655]: Your public key has been saved in /etc/ssh/ssh_host_ecdsa_key.pub.
[   13.037058] cloud-init[655]: Starting LXD - unix socket.The key fingerprint is:

[   13.039872] cloud-init[655]: SHA256:YpMMQIUsde2JSVy3JYhooXyqUWhwY3pWZkStkwPSE/Y root@ubuntu-bionic
[[0;32m  OK  [0m[   13.052499] cloud-init[655]: The key's randomart image is:
[   13.053016] cloud-init[655]: +---[ECDSA 256]---+
[   13.053884] cloud-init[655]: |.=@XO=..o .      |
] Listening on UUID daemon activation socket.[   13.054345] cloud-init[655]: |=BOO+ +. +       |
[   13.056878] cloud-init[655]: |+*+=E* ..        |
[   13.057089] cloud-init[655]: |.+o Boo.         |

[   13.057622] cloud-init[655]: |..   o* S        |
[[0;32m  OK  [0m] Listening on Open-iSCSI iscsid Socket.
[   13.060368] cloud-init[655]: |..   . o         |
[   13.061695] cloud-init[655]: |.                |
[[0;32m  OK  [0m] Listening on D-Bus System Message Bus Socket.
[[0;32m  OK  [0m] Started Discard unused blocks once a week.
[   13.069052] cloud-init[655]:          |                 |Starting Socket activation for snappy daemon.

[   13.077393] cloud-init[655]: |                 |
[[0;32m  OK  [0m] Started Daily apt download activities.
[[0;32m  OK  [0m] Started Daily apt upgrade and clean activities.
[   13.095769] cloud-init[655]: +----[SHA256]-----+
[   13.098127] cloud-init[655]: Generating public/private ed25519 key pair.
[[0;32m  OK  [0m] Listening on ACPID Listen Socket.[   13.100415] cloud-init[655]: Your identification has been saved in /etc/ssh/ssh_host_ed25519_key.
[   13.102353] cloud-init[655]: Your public key has been saved in /etc/ssh/ssh_host_ed25519_key.pub.
[   13.104456] cloud-init[655]: The key fingerprint is:
[   13.105908] cloud-init[655]: SHA256:IiP7m08P0Kjc37pMyoTkmAoGP33GCG6Rb0HpfSElpQU root@ubuntu-bionic
[   13.108111] 
cloud-init[655]: The key's randomart image is:
[   13.109541] [[0;32m  OK  [0m] Started ACPI Events Check.
[[0;32m  OK  [0m] Reached target Paths.
[[0;32m  OK  [0m] Started Daily Cleanup of Temporary Directories.
[[0;32m  OK  [0m] Reached target Timers.
[[0;32m  OK  [0m] Reached target Network is Online.
cloud-init[655]: +--[ED25519 256]--+
[   13.114949] cloud-init[655]: |      Eo+        |         Starting Availability of block devices...
[[0;32m  OK  [0m] Reached target Remote File Systems (Pre).
[[0;32m  OK  [0m] Reached target Remote File Systems.

[[0;32m  OK  [0m] Listening on LXD - unix socket.
[   13.120410] cloud-init[655]: |     . =         |
[   13.121339] cloud-init[655]: |    o o .        |
[[0;32m  OK  [0m] Listening on Socket activation for snappy daemon.
[   13.142744] cloud-init[655]: |   + + . .       |
[[0;32m  OK  [0m] Started Availability of block devices.
[   13.147448] cloud-init[655]: |. * B + S        |
[[0;32m  OK  [0m] Reached target Sockets.
[   13.149881] cloud-init[[0;32m  OK  [0m] Reached target Basic System.
[655]: |.O @ B o         |
         Starting LXD - container startup/shutdown...
[   13.165383] cloud-init[655]: |+.@ B B          |
[   13.166918]          Starting LSB: automatic crash report generation...
cloud-init[655]: |+. * X +         |
         Starting Accounts Service...
[   13.181569] cloud-init[655]: |.   *o*oo        |
[   13.182827] [[0;32m  OK  [0m] Started FUSE filesystem for LXC.
cloud-init[655]: +----[SHA256]-----+
[[0;32m  OK  [0m] Started Deferred execution scheduler.
[[0;32m  OK  [0m] Started irqbalance daemon.
         Starting Pollinate to seed the pseudo random number generator...
         Starting System Logging Service...
         Starting Snappy daemon...
         Starting Permit User Sessions...
[[0;32m  OK  [0m] Started Regular background program processing daemon.
         Starting LSB: Record successful boot for GRUB...
         Starting Virtualbox guest utils...
[[0;32m  OK  [0m] Started D-Bus System Message Bus.
         Starting Login Service...
         Starting Dispatcher daemon for systemd-networkd...
[[0;32m  OK  [0m] Started System Logging Service.
[[0;32m  OK  [0m] Started LXD - container startup/shutdown.
[[0;32m  OK  [0m] Started Permit User Sessions.
         Starting Authorization Manager...
         Starting Hold until boot process finishes up...
         Starting Terminate Plymouth Boot Screen...
[[0;32m  OK  [0m] Started Hold until boot process finishes up.
         Starting Set console scheme...
[[0;32m  OK  [0m] Started Serial Getty on ttyS0.
[[0;32m  OK  [0m] Started Terminate Plymouth Boot Screen.
[[0;32m  OK  [0m] Started Login Service.
[[0;32m  OK  [0m] Started Unattended Upgrades Shutdown.
[[0;32m  OK  [0m] Started Set console scheme.
[[0;32m  OK  [0m] Created slice system-getty.slice.
[[0;32m  OK  [0m] Started Getty on tty1.
[[0;32m  OK  [0m] Reached target Login Prompts.
[[0;32m  OK  [0m] Started LSB: automatic crash report generation.
[[0;32m  OK  [0m] Started LSB: Record successful boot for GRUB.
[[0;32m  OK  [0m] Started Authorization Manager.
[[0;32m  OK  [0m] Started Accounts Service.
[[0;32m  OK  [0m] Started Virtualbox guest utils.
[[0;32m  OK  [0m] Started Dispatcher daemon for systemd-networkd.
[[0;32m  OK  [0m] Started Snappy daemon.
         Starting Wait until snapd is fully seeded...
[[0;32m  OK  [0m] Started Pollinate to seed the pseudo random number generator.
         Starting OpenBSD Secure Shell server...
[[0;32m  OK  [0m] Started OpenBSD Secure Shell server.
[[0;32m  OK  [0m] Created slice User Slice of vagrant.
         Starting User Manager for UID 1000...
[[0;32m  OK  [0m] Started Session 1 of user vagrant.
[[0;32m  OK  [0m] Started User Manager for UID 1000.
[[0;32m  OK  [0m] Started Wait until snapd is fully seeded.
         Starting Apply the settings specified in cloud-config...
[[0;32m  OK  [0m] Reached target Multi-User System.
[[0;32m  OK  [0m] Reached target Graphical Interface.
         Starting Update UTMP about System Runlevel Changes...
[[0;32m  OK  [0m] Started Update UTMP about System Runlevel Changes.
[   17.694025] cloud-init[1214]: Cloud-init v. 19.3-41-gc4735dd3-0ubuntu1~18.04.1 running 'modules:config' at Sat, 11 Jan 2020 00:26:43 +0000. Up 16.89 seconds.
[[0;32m  OK  [0m] Started Apply the settings specified in cloud-config.
         Starting Execute cloud user/final scripts...
ci-info: no authorized ssh keys fingerprints found for user ubuntu.
<14>Jan 11 00:26:45 ec2: 
<14>Jan 11 00:26:45 ec2: #############################################################
<14>Jan 11 00:26:45 ec2: -----BEGIN SSH HOST KEY FINGERPRINTS-----
<14>Jan 11 00:26:45 ec2: 1024 SHA256:X2NnxItmUa9/sKRHBVF82vJXbpET4EJswJS2dyZLiwQ root@ubuntu-bionic (DSA)
<14>Jan 11 00:26:45 ec2: 256 SHA256:YpMMQIUsde2JSVy3JYhooXyqUWhwY3pWZkStkwPSE/Y root@ubuntu-bionic (ECDSA)
<14>Jan 11 00:26:45 ec2: 256 SHA256:IiP7m08P0Kjc37pMyoTkmAoGP33GCG6Rb0HpfSElpQU root@ubuntu-bionic (ED25519)
<14>Jan 11 00:26:45 ec2: 2048 SHA256:Jqtj/WvIMdV8eBUIaOhzJBlmrnKmHQnjgc0QZS4T7J0 root@ubuntu-bionic (RSA)
<14>Jan 11 00:26:45 ec2: -----END SSH HOST KEY FINGERPRINTS-----
<14>Jan 11 00:26:45 ec2: #############################################################
-----BEGIN SSH HOST KEY KEYS-----
ecdsa-sha2-nistp256 AAAAE2VjZHNhLXNoYTItbmlzdHAyNTYAAAAIbmlzdHAyNTYAAABBBPgiSZZbVmCD5qg5IJ8FTShr4WuaD6X8JeKgskwpPeeDED5uCdaMpivHB/G2bI0WefU1nRLIAm4p0ObJ/S7y9A4= root@ubuntu-bionic
ssh-ed25519 AAAAC3NzaC1lZDI1NTE5AAAAIGAUttY0fXiTnGLPOuTqNotsyMQvyjdeDBCFBKyppO09 root@ubuntu-bionic
ssh-rsa AAAAB3NzaC1yc2EAAAADAQABAAABAQDMW4forAL5/2KfGv6AFMPTtGmIkFgmHwzIHJsK8G4s93W7/sW4EbxbrTCedmMQQQZmxiiQMs8j8h4b4YrmIcfd2IowuvZok8wgkDMYDw381H7WxmSUgI9YVi6ylNn08uVvoTHANSDTFvnorNv6Yu79Mkg7mCmv6P7cAXSukraRA+Yhwb2CPhIewe6G92fhyi4N9MZh3nJKegANS6GmiHntuo64Ablqb5YOmmrtc2dhK+XHPbMi3Umnc5NkWRNi44ashnQd+WPKtcPQBwn3cfkdVEDs7VaMi65UJ2x5Sr/oRDMMXJWOiIJ6UnUqKs65yrnXm9xSQuKgMy+/O/r9u89l root@ubuntu-bionic
-----END SSH HOST KEY KEYS-----
[   18.684030] cloud-init[1339]: Cloud-init v. 19.3-41-gc4735dd3-0ubuntu1~18.04.1 running 'modules:final' at Sat, 11 Jan 2020 00:26:45 +0000. Up 18.45 seconds.
[   18.687062] cloud-init[1339]: ci-info: no authorized ssh keys fingerprints found for user ubuntu.
[   18.689004] cloud-init[1339]: Cloud-init v. 19.3-41-gc4735dd3-0ubuntu1~18.04.1 finished at Sat, 11 Jan 2020 00:26:45 +0000. Datasource DataSourceNoCloud [seed=/dev/sdb][dsmode=net].  Up 18.67 seconds
[[0;32m  OK  [0m] Started Execute cloud user/final scripts.
[[0;32m  OK  [0m] Reached target Cloud-init target.

Ubuntu 18.04.3 LTS ubuntu-bionic ttyS0

ubuntu-bionic login: [8038551590.088324] watchdog: BUG: soft lockup - CPU#0 stuck for 65s! [systemd:1]
